../Drivers/ssd1306/ssd1306.c:8:6:ssd1306_Reset	4	static
../Drivers/ssd1306/ssd1306.c:13:6:ssd1306_WriteCommand	32	static
../Drivers/ssd1306/ssd1306.c:18:6:ssd1306_WriteData	32	static
../Drivers/ssd1306/ssd1306.c:63:17:ssd1306_FillBuffer	24	static
../Drivers/ssd1306/ssd1306.c:73:6:ssd1306_Init	8	static
../Drivers/ssd1306/ssd1306.c:175:6:ssd1306_Fill	16	static
../Drivers/ssd1306/ssd1306.c:180:6:ssd1306_UpdateScreen	16	static
../Drivers/ssd1306/ssd1306.c:201:6:ssd1306_DrawPixel	16	static
../Drivers/ssd1306/ssd1306.c:221:6:ssd1306_WriteChar	40	static
../Drivers/ssd1306/ssd1306.c:278:6:ssd1306_WriteString	24	static
../Drivers/ssd1306/ssd1306.c:292:6:ssd1306_SetCursor	16	static
../Drivers/ssd1306/ssd1306.c:298:6:ssd1306_Line	48	static
../Drivers/ssd1306/ssd1306.c:325:6:ssd1306_Polyline	40	static
../Drivers/ssd1306/ssd1306.c:339:14:ssd1306_DegToRad	16	static
../Drivers/ssd1306/ssd1306.c:344:17:ssd1306_NormalizeTo0_360	24	static
../Drivers/ssd1306/ssd1306.c:360:6:ssd1306_DrawArc	64	static
../Drivers/ssd1306/ssd1306.c:400:6:ssd1306_DrawArcWithRadiusLine	72	static
../Drivers/ssd1306/ssd1306.c:443:6:ssd1306_DrawCircle	40	static
../Drivers/ssd1306/ssd1306.c:478:6:ssd1306_FillCircle	48	static
../Drivers/ssd1306/ssd1306.c:514:6:ssd1306_DrawRectangle	32	static
../Drivers/ssd1306/ssd1306.c:524:6:ssd1306_FillRectangle	32	static
../Drivers/ssd1306/ssd1306.c:538:17:ssd1306_InvertRectangle	32	static
../Drivers/ssd1306/ssd1306.c:569:6:ssd1306_DrawBitmap	24	static
../Drivers/ssd1306/ssd1306.c:593:6:ssd1306_SetContrast	24	static
../Drivers/ssd1306/ssd1306.c:599:6:ssd1306_SetDisplayOn	24	static
../Drivers/ssd1306/ssd1306.c:611:9:ssd1306_GetDisplayOn	4	static
