../Drivers/lora/lora.c:48:6:NSS_high	8	static
../Drivers/lora/lora.c:51:6:NSS_low	8	static
../Drivers/lora/lora.c:54:6:wait_BUSY	8	static
../Drivers/lora/lora.c:59:6:transmit_SPI_variable	16	static
../Drivers/lora/lora.c:67:6:transmit_recieve_SPI_variable	32	static
../Drivers/lora/lora.c:75:6:LoRa_set_data	24	static
../Drivers/lora/lora.c:83:13:LoRa_Rx_callback	16	static
../Drivers/lora/lora.c:87:6:LoRa_process_data	112	dynamic
../Drivers/lora/lora.c:112:6:LoRa_init	8	static
../Drivers/lora/lora.c:135:6:LoRa_start_Rx	8	static
../Drivers/lora/lora.c:141:6:LoRa_send_data	8	static
../Drivers/lora/lora.c:148:6:LoRa_loop	8	static
../Drivers/lora/lora.c:169:6:LoRa_DIO1_interrupt_handler	8	static
../Drivers/lora/lora.c:201:6:LoRa_TIM2_interrupt_handler	8	static
