../Core/Src/main.c:145:9:disk_reinitialize	16	static
../Core/Src/main.c:152:6:aktualizujCas	16	static
../Core/Src/main.c:200:6:aktualizujPoziciVyberu	16	static
../Core/Src/main.c:228:6:tlacitkoStisknuto	24	static
../Core/Src/main.c:252:9:stavSD	24	static
../Core/Src/main.c:301:6:pridatChecksum	24	static
../Core/Src/main.c:311:6:pripravitDataProOdeslani	8	static
../Core/Src/main.c:334:6:zkontrolovatChecksum	24	static
../Core/Src/main.c:349:6:LoRa_Rx_callback	16	static
../Core/Src/main.c:381:5:main	64	static
../Core/Src/main.c:507:6:SystemClock_Config	88	static
../Core/Src/main.c:550:6:HAL_GPIO_EXTI_Callback	16	static
../Core/Src/main.c:559:6:HAL_TIM_PeriodElapsedCallback	16	static
../Core/Src/main.c:575:6:MPU_Config	24	static
../Core/Src/main.c:606:6:Error_Handler	4	static,ignoring_inline_asm
