../Drivers/bme280/bme280.c:27:6:BME280_Set_SPI_Mode	8	static
../Drivers/bme280/bme280.c:46:6:BME280_NSS_Low	8	static
../Drivers/bme280/bme280.c:55:6:BME280_NSS_High	8	static
../Drivers/bme280/bme280.c:59:12:BME280_ReadRaw	32	static
../Drivers/bme280/bme280.c:93:12:TrimRead	48	static
../Drivers/bme280/bme280.c:147:16:BME280_compensate_T_int32	32	static
../Drivers/bme280/bme280.c:156:17:BME280_compensate_H_int32	24	static
../Drivers/bme280/bme280.c:171:17:BME280_compensate_P_int64	328	static
../Drivers/bme280/bme280.c:190:6:BME280_Measure	24	static
../Drivers/bme280/bme280.c:221:5:BME280_Config	40	static
