Archive member included to satisfy reference by file (symbol)

C:/ST/STM32CubeIDE_2.1.1/STM32CubeIDE/plugins/com.st.stm32cube.ide.mcu.externaltools.gnu-tools-for-stm32.14.3.rel1.win32_1.0.100.202602081740/tools/bin/../lib/gcc/arm-none-eabi/14.3.1/../../../../arm-none-eabi/lib/thumb/v7e-m+fp/hard\libc_nano.a(libc_a-exit.o)
                              C:/ST/STM32CubeIDE_2.1.1/STM32CubeIDE/plugins/com.st.stm32cube.ide.mcu.externaltools.gnu-tools-for-stm32.14.3.rel1.win32_1.0.100.202602081740/tools/bin/../lib/gcc/arm-none-eabi/14.3.1/../../../../arm-none-eabi/lib/thumb/v7e-m+fp/hard/crt0.o (exit)
C:/ST/STM32CubeIDE_2.1.1/STM32CubeIDE/plugins/com.st.stm32cube.ide.mcu.externaltools.gnu-tools-for-stm32.14.3.rel1.win32_1.0.100.202602081740/tools/bin/../lib/gcc/arm-none-eabi/14.3.1/../../../../arm-none-eabi/lib/thumb/v7e-m+fp/hard\libc_nano.a(libc_a-nano-vfprintf_float.o)
                              (_printf_float)
C:/ST/STM32CubeIDE_2.1.1/STM32CubeIDE/plugins/com.st.stm32cube.ide.mcu.externaltools.gnu-tools-for-stm32.14.3.rel1.win32_1.0.100.202602081740/tools/bin/../lib/gcc/arm-none-eabi/14.3.1/../../../../arm-none-eabi/lib/thumb/v7e-m+fp/hard\libc_nano.a(libc_a-nano-vfprintf_i.o)
                              C:/ST/STM32CubeIDE_2.1.1/STM32CubeIDE/plugins/com.st.stm32cube.ide.mcu.externaltools.gnu-tools-for-stm32.14.3.rel1.win32_1.0.100.202602081740/tools/bin/../lib/gcc/arm-none-eabi/14.3.1/../../../../arm-none-eabi/lib/thumb/v7e-m+fp/hard\libc_nano.a(libc_a-nano-vfprintf_float.o) (_printf_common)
C:/ST/STM32CubeIDE_2.1.1/STM32CubeIDE/plugins/com.st.stm32cube.ide.mcu.externaltools.gnu-tools-for-stm32.14.3.rel1.win32_1.0.100.202602081740/tools/bin/../lib/gcc/arm-none-eabi/14.3.1/../../../../arm-none-eabi/lib/thumb/v7e-m+fp/hard\libc_nano.a(libc_a-findfp.o)
                              C:/ST/STM32CubeIDE_2.1.1/STM32CubeIDE/plugins/com.st.stm32cube.ide.mcu.externaltools.gnu-tools-for-stm32.14.3.rel1.win32_1.0.100.202602081740/tools/bin/../lib/gcc/arm-none-eabi/14.3.1/../../../../arm-none-eabi/lib/thumb/v7e-m+fp/hard\libc_nano.a(libc_a-exit.o) (__stdio_exit_handler)
C:/ST/STM32CubeIDE_2.1.1/STM32CubeIDE/plugins/com.st.stm32cube.ide.mcu.externaltools.gnu-tools-for-stm32.14.3.rel1.win32_1.0.100.202602081740/tools/bin/../lib/gcc/arm-none-eabi/14.3.1/../../../../arm-none-eabi/lib/thumb/v7e-m+fp/hard\libc_nano.a(libc_a-fwalk.o)
                              C:/ST/STM32CubeIDE_2.1.1/STM32CubeIDE/plugins/com.st.stm32cube.ide.mcu.externaltools.gnu-tools-for-stm32.14.3.rel1.win32_1.0.100.202602081740/tools/bin/../lib/gcc/arm-none-eabi/14.3.1/../../../../arm-none-eabi/lib/thumb/v7e-m+fp/hard\libc_nano.a(libc_a-findfp.o) (_fwalk_sglue)
C:/ST/STM32CubeIDE_2.1.1/STM32CubeIDE/plugins/com.st.stm32cube.ide.mcu.externaltools.gnu-tools-for-stm32.14.3.rel1.win32_1.0.100.202602081740/tools/bin/../lib/gcc/arm-none-eabi/14.3.1/../../../../arm-none-eabi/lib/thumb/v7e-m+fp/hard\libc_nano.a(libc_a-snprintf.o)
                              ./Core/Src/main.o (snprintf)
C:/ST/STM32CubeIDE_2.1.1/STM32CubeIDE/plugins/com.st.stm32cube.ide.mcu.externaltools.gnu-tools-for-stm32.14.3.rel1.win32_1.0.100.202602081740/tools/bin/../lib/gcc/arm-none-eabi/14.3.1/../../../../arm-none-eabi/lib/thumb/v7e-m+fp/hard\libc_nano.a(libc_a-stdio.o)
                              C:/ST/STM32CubeIDE_2.1.1/STM32CubeIDE/plugins/com.st.stm32cube.ide.mcu.externaltools.gnu-tools-for-stm32.14.3.rel1.win32_1.0.100.202602081740/tools/bin/../lib/gcc/arm-none-eabi/14.3.1/../../../../arm-none-eabi/lib/thumb/v7e-m+fp/hard\libc_nano.a(libc_a-findfp.o) (__sread)
C:/ST/STM32CubeIDE_2.1.1/STM32CubeIDE/plugins/com.st.stm32cube.ide.mcu.externaltools.gnu-tools-for-stm32.14.3.rel1.win32_1.0.100.202602081740/tools/bin/../lib/gcc/arm-none-eabi/14.3.1/../../../../arm-none-eabi/lib/thumb/v7e-m+fp/hard\libc_nano.a(libc_a-memset.o)
                              C:/ST/STM32CubeIDE_2.1.1/STM32CubeIDE/plugins/com.st.stm32cube.ide.mcu.externaltools.gnu-tools-for-stm32.14.3.rel1.win32_1.0.100.202602081740/tools/bin/../lib/gcc/arm-none-eabi/14.3.1/../../../../arm-none-eabi/lib/thumb/v7e-m+fp/hard/crt0.o (memset)
C:/ST/STM32CubeIDE_2.1.1/STM32CubeIDE/plugins/com.st.stm32cube.ide.mcu.externaltools.gnu-tools-for-stm32.14.3.rel1.win32_1.0.100.202602081740/tools/bin/../lib/gcc/arm-none-eabi/14.3.1/../../../../arm-none-eabi/lib/thumb/v7e-m+fp/hard\libc_nano.a(libc_a-localeconv.o)
                              C:/ST/STM32CubeIDE_2.1.1/STM32CubeIDE/plugins/com.st.stm32cube.ide.mcu.externaltools.gnu-tools-for-stm32.14.3.rel1.win32_1.0.100.202602081740/tools/bin/../lib/gcc/arm-none-eabi/14.3.1/../../../../arm-none-eabi/lib/thumb/v7e-m+fp/hard\libc_nano.a(libc_a-nano-vfprintf_float.o) (_localeconv_r)
C:/ST/STM32CubeIDE_2.1.1/STM32CubeIDE/plugins/com.st.stm32cube.ide.mcu.externaltools.gnu-tools-for-stm32.14.3.rel1.win32_1.0.100.202602081740/tools/bin/../lib/gcc/arm-none-eabi/14.3.1/../../../../arm-none-eabi/lib/thumb/v7e-m+fp/hard\libc_nano.a(libc_a-closer.o)
[...]
Memory Configuration

Name             Origin             Length             Attributes
RAM              0x20000000         0x00050000         xrw
FLASH            0x08000000         0x00100000         xr
*default*        0x00000000         0xffffffff

Linker script and memory map

LOAD C:/ST/STM32CubeIDE_2.1.1/STM32CubeIDE/plugins/com.st.stm32cube.ide.mcu.externaltools.gnu-tools-for-stm32.14.3.rel1.win32_1.0.100.202602081740/tools/bin/../lib/gcc/arm-none-eabi/14.3.1/thumb/v7e-m+fp/hard/crti.o
LOAD C:/ST/STM32CubeIDE_2.1.1/STM32CubeIDE/plugins/com.st.stm32cube.ide.mcu.externaltools.gnu-tools-for-stm32.14.3.rel1.win32_1.0.100.202602081740/tools/bin/../lib/gcc/arm-none-eabi/14.3.1/thumb/v7e-m+fp/hard/crtbegin.o
LOAD C:/ST/STM32CubeIDE_2.1.1/STM32CubeIDE/plugins/com.st.stm32cube.ide.mcu.externaltools.gnu-tools-for-stm32.14.3.rel1.win32_1.0.100.202602081740/tools/bin/../lib/gcc/arm-none-eabi/14.3.1/../../../../arm-none-eabi/lib/thumb/v7e-m+fp/hard/crt0.o
LOAD ./Core/Src/adc.o
LOAD ./Core/Src/gpio.o
LOAD ./Core/Src/i2c.o
LOAD ./Core/Src/main.o
LOAD ./Core/Src/spi.o
LOAD ./Core/Src/stm32f7xx_hal_msp.o
LOAD ./Core/Src/stm32f7xx_it.o
LOAD ./Core/Src/syscalls.o
LOAD ./Core/Src/sysmem.o
LOAD ./Core/Src/system_stm32f7xx.o
LOAD ./Core/Src/tim.o
LOAD ./Core/Src/fonts/terminus-12-bold.o
LOAD ./Core/Src/fonts/terminus-12-normal.o
LOAD ./Core/Src/fonts/terminus-14-bold.o
LOAD ./Core/Src/fonts/terminus-14-normal.o
LOAD ./Core/Src/fonts/terminus-16-bold.o
LOAD ./Core/Src/fonts/terminus-16-normal.o
LOAD ./Core/Src/fonts/terminus-18-bold.o
LOAD ./Core/Src/fonts/terminus-18-normal.o
LOAD ./Core/Src/fonts/terminus-20-bold.o
LOAD ./Core/Src/fonts/terminus-20-normal.o
LOAD ./Core/Src/fonts/terminus-22-bold.o
LOAD ./Core/Src/fonts/terminus-22-normal.o
LOAD ./Core/Src/fonts/terminus-24-bold.o
LOAD ./Core/Src/fonts/terminus-24-normal.o
LOAD ./Core/Src/fonts/terminus-28-bold.o
LOAD ./Core/Src/fonts/terminus-28-normal.o
LOAD ./Core/Src/fonts/terminus-32-bold.o
LOAD ./Core/Src/fonts/terminus-32-normal.o
LOAD ./Core/Src/obrazky/domecek.o
LOAD ./Core/Src/obrazky/magnet.o
LOAD ./Core/Src/obrazky/oblak.o
LOAD ./Core/Src/obrazky/sd_karta.o
LOAD ./Core/Src/obrazky/vitr.o
LOAD ./Core/Src/stranky/atmosfera.o
LOAD ./Core/Src/stranky/hlavni_menu.o
LOAD ./Core/Src/widgety/widgety.o
LOAD ./Core/Startup/startup_stm32f746zgtx.o
LOAD ./Drivers/STM32F7xx_HAL_Driver/Src/stm32f7xx_hal.o
LOAD ./Drivers/STM32F7xx_HAL_Driver/Src/stm32f7xx_hal_adc.o
LOAD ./Drivers/STM32F7xx_HAL_Driver/Src/stm32f7xx_hal_adc_ex.o
LOAD ./Drivers/STM32F7xx_HAL_Driver/Src/stm32f7xx_hal_cortex.o
LOAD ./Drivers/STM32F7xx_HAL_Driver/Src/stm32f7xx_hal_dma.o
LOAD ./Drivers/STM32F7xx_HAL_Driver/Src/stm32f7xx_hal_dma_ex.o
LOAD ./Drivers/STM32F7xx_HAL_Driver/Src/stm32f7xx_hal_exti.o
LOAD ./Drivers/STM32F7xx_HAL_Driver/Src/stm32f7xx_hal_flash.o
LOAD ./Drivers/STM32F7xx_HAL_Driver/Src/stm32f7xx_hal_flash_ex.o
LOAD ./Drivers/STM32F7xx_HAL_Driver/Src/stm32f7xx_hal_gpio.o
LOAD ./Drivers/STM32F7xx_HAL_Driver/Src/stm32f7xx_hal_i2c.o
LOAD ./Drivers/STM32F7xx_HAL_Driver/Src/stm32f7xx_hal_i2c_ex.o
LOAD ./Drivers/STM32F7xx_HAL_Driver/Src/stm32f7xx_hal_pwr.o
LOAD ./Drivers/STM32F7xx_HAL_Driver/Src/stm32f7xx_hal_pwr_ex.o
LOAD ./Drivers/STM32F7xx_HAL_Driver/Src/stm32f7xx_hal_rcc.o
LOAD ./Drivers/STM32F7xx_HAL_Driver/Src/stm32f7xx_hal_rcc_ex.o
LOAD ./Drivers/STM32F7xx_HAL_Driver/Src/stm32f7xx_hal_spi.o
LOAD ./Drivers/STM32F7xx_HAL_Driver/Src/stm32f7xx_hal_spi_ex.o
LOAD ./Drivers/STM32F7xx_HAL_Driver/Src/stm32f7xx_hal_tim.o
LOAD ./Drivers/STM32F7xx_HAL_Driver/Src/stm32f7xx_hal_tim_ex.o
LOAD ./Drivers/bme280/bme280.o
LOAD ./Drivers/lcd/ili9486.o
LOAD ./Drivers/lcd/lcd_io_gpio8.o
LOAD ./Drivers/lcd/stm32_adafruit_lcd.o
LOAD ./Drivers/lora/lora.o
LOAD ./Drivers/ssd1306/ssd1306.o
LOAD ./FATFS/App/fatfs.o
LOAD ./FATFS/Target/user_diskio.o
LOAD ./FATFS/Target/user_diskio_spi.o
LOAD ./Middlewares/Third_Party/FatFs/src/diskio.o
LOAD ./Middlewares/Third_Party/FatFs/src/ff.o
LOAD ./Middlewares/Third_Party/FatFs/src/ff_gen_drv.o
LOAD ./Middlewares/Third_Party/FatFs/src/option/syscall.o
START GROUP
LOAD C:/ST/STM32CubeIDE_2.1.1/STM32CubeIDE/plugins/com.st.stm32cube.ide.mcu.externaltools.gnu-tools-for-stm32.14.3.rel1.win32_1.0.100.202602081740/tools/bin/../lib/gcc/arm-none-eabi/14.3.1/../../../../arm-none-eabi/lib/thumb/v7e-m+fp/hard\libc_nano.a
LOAD C:/ST/STM32CubeIDE_2.1.1/STM32CubeIDE/plugins/com.st.stm32cube.ide.mcu.externaltools.gnu-tools-for-stm32.14.3.rel1.win32_1.0.100.202602081740/tools/bin/../lib/gcc/arm-none-eabi/14.3.1/../../../../arm-none-eabi/lib/thumb/v7e-m+fp/hard\libm.a
END GROUP
START GROUP
LOAD C:/ST/STM32CubeIDE_2.1.1/STM32CubeIDE/plugins/com.st.stm32cube.ide.mcu.externaltools.gnu-tools-for-stm32.14.3.rel1.win32_1.0.100.202602081740/tools/bin/../lib/gcc/arm-none-eabi/14.3.1/thumb/v7e-m+fp/hard\libgcc.a
LOAD C:/ST/STM32CubeIDE_2.1.1/STM32CubeIDE/plugins/com.st.stm32cube.ide.mcu.externaltools.gnu-tools-for-stm32.14.3.rel1.win32_1.0.100.202602081740/tools/bin/../lib/gcc/arm-none-eabi/14.3.1/../../../../arm-none-eabi/lib/thumb/v7e-m+fp/hard\libc_nano.a
END GROUP
START GROUP
LOAD C:/ST/STM32CubeIDE_2.1.1/STM32CubeIDE/plugins/com.st.stm32cube.ide.mcu.externaltools.gnu-tools-for-stm32.14.3.rel1.win32_1.0.100.202602081740/tools/bin/../lib/gcc/arm-none-eabi/14.3.1/thumb/v7e-m+fp/hard\libgcc.a
LOAD C:/ST/STM32CubeIDE_2.1.1/STM32CubeIDE/plugins/com.st.stm32cube.ide.mcu.externaltools.gnu-tools-for-stm32.14.3.rel1.win32_1.0.100.202602081740/tools/bin/../lib/gcc/arm-none-eabi/14.3.1/../../../../arm-none-eabi/lib/thumb/v7e-m+fp/hard\libc_nano.a
LOAD C:/ST/STM32CubeIDE_2.1.1/STM32CubeIDE/plugins/com.st.stm32cube.ide.mcu.externaltools.gnu-tools-for-stm32.14.3.rel1.win32_1.0.100.202602081740/tools/bin/../lib/gcc/arm-none-eabi/14.3.1/../../../../arm-none-eabi/lib/thumb/v7e-m+fp/hard\libnosys.a
END GROUP
START GROUP
LOAD C:/ST/STM32CubeIDE_2.1.1/STM32CubeIDE/plugins/com.st.stm32cube.ide.mcu.externaltools.gnu-tools-for-stm32.14.3.rel1.win32_1.0.100.202602081740/tools/bin/../lib/gcc/arm-none-eabi/14.3.1/thumb/v7e-m+fp/hard\libgcc.a
LOAD C:/ST/STM32CubeIDE_2.1.1/STM32CubeIDE/plugins/com.st.stm32cube.ide.mcu.externaltools.gnu-tools-for-stm32.14.3.rel1.win32_1.0.100.202602081740/tools/bin/../lib/gcc/arm-none-eabi/14.3.1/../../../../arm-none-eabi/lib/thumb/v7e-m+fp/hard\libc_nano.a
LOAD C:/ST/STM32CubeIDE_2.1.1/STM32CubeIDE/plugins/com.st.stm32cube.ide.mcu.externaltools.gnu-tools-for-stm32.14.3.rel1.win32_1.0.100.202602081740/tools/bin/../lib/gcc/arm-none-eabi/14.3.1/../../../../arm-none-eabi/lib/thumb/v7e-m+fp/hard\libnosys.a
END GROUP
LOAD C:/ST/STM32CubeIDE_2.1.1/STM32CubeIDE/plugins/com.st.stm32cube.ide.mcu.externaltools.gnu-tools-for-stm32.14.3.rel1.win32_1.0.100.202602081740/tools/bin/../lib/gcc/arm-none-eabi/14.3.1/thumb/v7e-m+fp/hard/crtend.o
LOAD C:/ST/STM32CubeIDE_2.1.1/STM32CubeIDE/plugins/com.st.stm32cube.ide.mcu.externaltools.gnu-tools-for-stm32.14.3.rel1.win32_1.0.100.202602081740/tools/bin/../lib/gcc/arm-none-eabi/14.3.1/thumb/v7e-m+fp/hard/crtn.o
                0x20050000                        _estack = (ORIGIN (RAM) + LENGTH (RAM))
                0x00000200                        _Min_Heap_Size = 0x200
                0x00000400                        _Min_Stack_Size = 0x400

.isr_vector     0x08000000      0x1c8
                0x08000000                        . = ALIGN (0x4)
 *(.isr_vector)
 .isr_vector    0x08000000      0x1c8 ./Core/Startup/startup_stm32f746zgtx.o
                0x08000000                g_pfnVectors
                0x080001c8                        . = ALIGN (0x4)

.text           0x080001d0     0xf7e8
                0x080001d0                        . = ALIGN (0x4)
 *(.text)
 .text          0x080001d0       0x40 C:/ST/STM32CubeIDE_2.1.1/STM32CubeIDE/plugins/com.st.stm32cube.ide.mcu.externaltools.gnu-tools-for-stm32.14.3.rel1.win32_1.0.100.202602081740/tools/bin/../lib/gcc/arm-none-eabi/14.3.1/thumb/v7e-m+fp/hard/crtbegin.o
 .text          0x08000210       0xa0 C:/ST/STM32CubeIDE_2.1.1/STM32CubeIDE/plugins/com.st.stm32cube.ide.mcu.externaltools.gnu-tools-for-stm32.14.3.rel1.win32_1.0.100.202602081740/tools/bin/../lib/gcc/arm-none-eabi/14.3.1/../../../../arm-none-eabi/lib/thumb/v7e-m+fp/hard\libc_nano.a(libc_a-memchr.o)
                0x08000210                memchr
 .text          0x080002b0       0x10 C:/ST/STM32CubeIDE_2.1.1/STM32CubeIDE/plugins/com.st.stm32cube.ide.mcu.externaltools.gnu-tools-for-stm32.14.3.rel1.win32_1.0.100.202602081740/tools/bin/../lib/gcc/arm-none-eabi/14.3.1/../../../../arm-none-eabi/lib/thumb/v7e-m+fp/hard\libc_nano.a(libc_a-strlen.o)
                0x080002b0                strlen
 .text          0x080002c0      0x378 C:/ST/STM32CubeIDE_2.1.1/STM32CubeIDE/plugins/com.st.stm32cube.ide.mcu.externaltools.gnu-tools-for-stm32.14.3.rel1.win32_1.0.100.202602081740/tools/bin/../lib/gcc/arm-none-eabi/14.3.1/thumb/v7e-m+fp/hard\libgcc.a(_arm_addsubdf3.o)
                0x080002c0                __aeabi_drsub
                0x080002c8                __aeabi_dsub
                0x080002c8                __subdf3
                0x080002cc                __aeabi_dadd
                0x080002cc                __adddf3
                0x08000544                __floatunsidf
                0x08000544                __aeabi_ui2d
                0x08000564                __floatsidf
                0x08000564                __aeabi_i2d
                0x08000588                __aeabi_f2d
                0x08000588                __extendsfdf2
                0x080005cc                __floatundidf
                0x080005cc                __aeabi_ul2d
                0x080005dc                __floatdidf
                0x080005dc                __aeabi_l2d
 .text          0x08000638      0x424 C:/ST/STM32CubeIDE_2.1.1/STM32CubeIDE/plugins/com.st.stm32cube.ide.mcu.externaltools.gnu-tools-for-stm32.14.3.rel1.win32_1.0.100.202602081740/tools/bin/../lib/gcc/arm-none-eabi/14.3.1/thumb/v7e-m+fp/hard\libgcc.a(_arm_muldivdf3.o)
                0x08000638                __aeabi_dmul
                0x08000638                __muldf3
                0x0800088c                __divdf3
                0x0800088c                __aeabi_ddiv
 .text          0x08000a5c      0x110 C:/ST/STM32CubeIDE_2.1.1/STM32CubeIDE/plugins/com.st.stm32cube.ide.mcu.externaltools.gnu-tools-for-stm32.14.3.rel1.win32_1.0.100.202602081740/tools/bin/../lib/gcc/arm-none-eabi/14.3.1/thumb/v7e-m+fp/hard\libgcc.a(_arm_cmpdf2.o)
                0x08000a5c                __gtdf2
                0x08000a5c                __gedf2
                0x08000a64                __ltdf2
                0x08000a64                __ledf2
                0x08000a6c                __nedf2
                0x08000a6c                __eqdf2
                0x08000a6c                __cmpdf2
                0x08000ae8                __aeabi_cdrcmple
                0x08000af8                __aeabi_cdcmpeq
                0x08000af8                __aeabi_cdcmple
                0x08000b08                __aeabi_dcmpeq
                0x08000b1c                __aeabi_dcmplt
                0x08000b30                __aeabi_dcmple
                0x08000b44                __aeabi_dcmpge
                0x08000b58                __aeabi_dcmpgt
 .text          0x08000b6c       0x2c C:/ST/STM32CubeIDE_2.1.1/STM32CubeIDE/plugins/com.st.stm32cube.ide.mcu.externaltools.gnu-tools-for-stm32.14.3.rel1.win32_1.0.100.202602081740/tools/bin/../lib/gcc/arm-none-eabi/14.3.1/thumb/v7e-m+fp/hard\libgcc.a(_arm_unorddf2.o)
                0x08000b6c                __unorddf2
                0x08000b6c                __aeabi_dcmpun
 .text          0x08000b98       0x50 C:/ST/STM32CubeIDE_2.1.1/STM32CubeIDE/plugins/com.st.stm32cube.ide.mcu.externaltools.gnu-tools-for-stm32.14.3.rel1.win32_1.0.100.202602081740/tools/bin/../lib/gcc/arm-none-eabi/14.3.1/thumb/v7e-m+fp/hard\libgcc.a(_arm_fixdfsi.o)
                0x08000b98                __aeabi_d2iz
                0x08000b98                __fixdfsi
 .text          0x08000be8       0x40 C:/ST/STM32CubeIDE_2.1.1/STM32CubeIDE/plugins/com.st.stm32cube.ide.mcu.externaltools.gnu-tools-for-stm32.14.3.rel1.win32_1.0.100.202602081740/tools/bin/../lib/gcc/arm-none-eabi/14.3.1/thumb/v7e-m+fp/hard\libgcc.a(_arm_fixunsdfsi.o)
                0x08000be8                __aeabi_d2uiz
                0x08000be8                __fixunsdfsi
 .text          0x08000c28       0xa0 C:/ST/STM32CubeIDE_2.1.1/STM32CubeIDE/plugins/com.st.stm32cube.ide.mcu.externaltools.gnu-tools-for-stm32.14.3.rel1.win32_1.0.100.202602081740/tools/bin/../lib/gcc/arm-none-eabi/14.3.1/thumb/v7e-m+fp/hard\libgcc.a(_aeabi_ldivmod.o)
                0x08000c28                __aeabi_ldivmod
 .text          0x08000cc8       0x30 C:/ST/STM32CubeIDE_2.1.1/STM32CubeIDE/plugins/com.st.stm32cube.ide.mcu.externaltools.gnu-tools-for-stm32.14.3.rel1.win32_1.0.100.202602081740/tools/bin/../lib/gcc/arm-none-eabi/14.3.1/thumb/v7e-m+fp/hard\libgcc.a(_aeabi_uldivmod.o)
                0x08000cc8                __aeabi_uldivmod
 .text          0x08000cf8      0x2f8 C:/ST/STM32CubeIDE_2.1.1/STM32CubeIDE/plugins/com.st.stm32cube.ide.mcu.externaltools.gnu-tools-for-stm32.14.3.rel1.win32_1.0.100.202602081740/tools/bin/../lib/gcc/arm-none-eabi/14.3.1/thumb/v7e-m+fp/hard\libgcc.a(_udivmoddi4.o)
                0x08000cf8                __udivmoddi4
 .text          0x08000ff0        0x4 C:/ST/STM32CubeIDE_2.1.1/STM32CubeIDE/plugins/com.st.stm32cube.ide.mcu.externaltools.gnu-tools-for-stm32.14.3.rel1.win32_1.0.100.202602081740/tools/bin/../lib/gcc/arm-none-eabi/14.3.1/thumb/v7e-m+fp/hard\libgcc.a(_dvmd_tls.o)
                0x08000ff0                __aeabi_idiv0
                0x08000ff0                __aeabi_ldiv0
 *(.text*)
 .text.MX_ADC3_Init
                0x08000ff4       0xa4 ./Core/Src/adc.o
                0x08000ff4                MX_ADC3_Init
 .text.HAL_ADC_MspInit
                0x08001098       0x80 ./Core/Src/adc.o
                0x08001098                HAL_ADC_MspInit
 .text.MX_GPIO_Init
                0x08001118      0x2e4 ./Core/Src/gpio.o
                0x08001118                MX_GPIO_Init
 .text.MX_I2C1_Init
                0x080013fc       0x80 ./Core/Src/i2c.o
                0x080013fc                MX_I2C1_Init
 .text.HAL_I2C_MspInit
                0x0800147c       0xc0 ./Core/Src/i2c.o
                0x0800147c                HAL_I2C_MspInit
 .text.disk_reinitialize
                0x0800153c       0x30 ./Core/Src/main.o
                0x0800153c                disk_reinitialize
 .text.aktualizujCas
                0x0800156c      0x160 ./Core/Src/main.o
                0x0800156c                aktualizujCas
 .text.aktualizujPoziciVyberu
                0x080016cc       0xf4 ./Core/Src/main.o
                0x080016cc                aktualizujPoziciVyberu
 .text.tlacitkoStisknuto
                0x080017c0       0xcc ./Core/Src/main.o
                0x080017c0                tlacitkoStisknuto
 .text.stavSD   0x0800188c      0x114 ./Core/Src/main.o
                0x0800188c                stavSD
 .text.pridatChecksum
                0x080019a0       0x4a ./Core/Src/main.o
                0x080019a0                pridatChecksum
 *fill*         0x080019ea        0x2 
 .text.pripravitDataProOdeslani
                0x080019ec       0xbc ./Core/Src/main.o
                0x080019ec                pripravitDataProOdeslani
 .text.zkontrolovatChecksum
                0x08001aa8       0x54 ./Core/Src/main.o
                0x08001aa8                zkontrolovatChecksum
 .text.LoRa_Rx_callback
                0x08001afc       0xa4 ./Core/Src/main.o
                0x08001afc                LoRa_Rx_callback
 .text.main     0x08001ba0      0x218 ./Core/Src/main.o
                0x08001ba0                main
 .text.SystemClock_Config
                0x08001db8       0xcc ./Core/Src/main.o
                0x08001db8                SystemClock_Config
 .text.HAL_GPIO_EXTI_Callback
                0x08001e84       0x30 ./Core/Src/main.o
                0x08001e84                HAL_GPIO_EXTI_Callback
 .text.HAL_TIM_PeriodElapsedCallback
                0x08001eb4       0x40 ./Core/Src/main.o
                0x08001eb4                HAL_TIM_PeriodElapsedCallback
 .text.MPU_Config
                0x08001ef4       0x58 ./Core/Src/main.o
 .text.Error_Handler
                0x08001f4c        0xc ./Core/Src/main.o
                0x08001f4c                Error_Handler
 .text.MX_SPI2_Init
                0x08001f58       0x7c ./Core/Src/spi.o
                0x08001f58                MX_SPI2_Init
 .text.MX_SPI3_Init
                0x08001fd4       0x7c ./Core/Src/spi.o
                0x08001fd4                MX_SPI3_Init
 .text.MX_SPI4_Init
                0x08002050       0x7c ./Core/Src/spi.o
                0x08002050                MX_SPI4_Init
 .text.HAL_SPI_MspInit
                0x080020cc      0x1a8 ./Core/Src/spi.o
                0x080020cc                HAL_SPI_MspInit
 .text.HAL_MspInit
                0x08002274       0x48 ./Core/Src/stm32f7xx_hal_msp.o
                0x08002274                HAL_MspInit
 .text.NMI_Handler
                0x080022bc        0x8 ./Core/Src/stm32f7xx_it.o
                0x080022bc                NMI_Handler
 .text.HardFault_Handler
                0x080022c4        0x8 ./Core/Src/stm32f7xx_it.o
                0x080022c4                HardFault_Handler
 .text.MemManage_Handler
                0x080022cc        0x8 ./Core/Src/stm32f7xx_it.o
                0x080022cc                MemManage_Handler
 .text.BusFault_Handler
                0x080022d4        0x8 ./Core/Src/stm32f7xx_it.o
                0x080022d4                BusFault_Handler
 .text.UsageFault_Handler
                0x080022dc        0x8 ./Core/Src/stm32f7xx_it.o
                0x080022dc                UsageFault_Handler
 .text.SVC_Handler
                0x080022e4        0xe ./Core/Src/stm32f7xx_it.o
                0x080022e4                SVC_Handler
 .text.DebugMon_Handler
                0x080022f2        0xe ./Core/Src/stm32f7xx_it.o
                0x080022f2                DebugMon_Handler
 .text.PendSV_Handler
                0x08002300        0xe ./Core/Src/stm32f7xx_it.o
                0x08002300                PendSV_Handler
 .text.SysTick_Handler
                0x0800230e        0xc ./Core/Src/stm32f7xx_it.o
                0x0800230e                SysTick_Handler
 .text.EXTI9_5_IRQHandler
                0x0800231a        0xe ./Core/Src/stm32f7xx_it.o
                0x0800231a                EXTI9_5_IRQHandler
 .text.TIM1_TRG_COM_TIM11_IRQHandler
                0x08002328       0x14 ./Core/Src/stm32f7xx_it.o
                0x08002328                TIM1_TRG_COM_TIM11_IRQHandler
 .text.TIM2_IRQHandler
                0x0800233c       0x14 ./Core/Src/stm32f7xx_it.o
                0x0800233c                TIM2_IRQHandler
 .text.EXTI15_10_IRQHandler
                0x08002350       0x10 ./Core/Src/stm32f7xx_it.o
                0x08002350                EXTI15_10_IRQHandler
 .text._getpid  0x08002360       0x10 ./Core/Src/syscalls.o
                0x08002360                _getpid
 .text._kill    0x08002370       0x20 ./Core/Src/syscalls.o
                0x08002370                _kill
 .text._exit    0x08002390       0x16 ./Core/Src/syscalls.o
                0x08002390                _exit
 .text._read    0x080023a6       0x3a ./Core/Src/syscalls.o
                0x080023a6                _read
 .text._write   0x080023e0       0x38 ./Core/Src/syscalls.o
                0x080023e0                _write
 .text._close   0x08002418       0x18 ./Core/Src/syscalls.o
                0x08002418                _close
 .text._fstat   0x08002430       0x20 ./Core/Src/syscalls.o
                0x08002430                _fstat
 .text._isatty  0x08002450       0x16 ./Core/Src/syscalls.o
                0x08002450                _isatty
 .text._lseek   0x08002466       0x1a ./Core/Src/syscalls.o
                0x08002466                _lseek
 .text._sbrk    0x08002480       0x6c ./Core/Src/sysmem.o
                0x08002480                _sbrk
 .text.SystemInit
                0x080024ec       0x24 ./Core/Src/system_stm32f7xx.o
                0x080024ec                SystemInit
 .text.MX_TIM2_Init
                0x08002510       0x9c ./Core/Src/tim.o
                0x08002510                MX_TIM2_Init
 .text.MX_TIM3_Init
                0x080025ac       0xac ./Core/Src/tim.o
                0x080025ac                MX_TIM3_Init
 .text.MX_TIM11_Init
                0x08002658       0x48 ./Core/Src/tim.o
                0x08002658                MX_TIM11_Init
 .text.MX_TIM13_Init
                0x080026a0       0x48 ./Core/Src/tim.o
                0x080026a0                MX_TIM13_Init
 .text.HAL_TIM_Base_MspInit
                0x080026e8       0xa8 ./Core/Src/tim.o
                0x080026e8                HAL_TIM_Base_MspInit
 .text.HAL_TIM_Encoder_MspInit
                0x08002790       0x88 ./Core/Src/tim.o
                0x08002790                HAL_TIM_Encoder_MspInit
 .text.konverzeNamerenychHodnotSigned
                0x08002818       0xcc ./Core/Src/stranky/atmosfera.o
                0x08002818                konverzeNamerenychHodnotSigned
 .text.konverzeNamerenychHodnotUnsigned
                0x080028e4       0xa4 ./Core/Src/stranky/atmosfera.o
                0x080028e4                konverzeNamerenychHodnotUnsigned
 .text.vykresliHodnotyNaStranceAtmosfera
                0x08002988       0x7c ./Core/Src/stranky/atmosfera.o
                0x08002988                vykresliHodnotyNaStranceAtmosfera
 .text.aktualizujHodnotyNaStranceAtmosfera
                0x08002a04       0x9c ./Core/Src/stranky/atmosfera.o
                0x08002a04                aktualizujHodnotyNaStranceAtmosfera
 .text.vykresliPopiskyKHodnotam
                0x08002aa0      0x108 ./Core/Src/stranky/atmosfera.o
                0x08002aa0                vykresliPopiskyKHodnotam
 .text.vykresliStrankuAtmosfera
                0x08002ba8       0xc4 ./Core/Src/stranky/atmosfera.o
                0x08002ba8                vykresliStrankuAtmosfera
 .text.vykresliHorniListuVHlavnimMenu
                0x08002c6c      0x194 ./Core/Src/stranky/hlavni_menu.o
                0x08002c6c                vykresliHorniListuVHlavnimMenu
 .text.vykresliStavSDKartyVHlavnimMenu
                0x08002e00       0x5c ./Core/Src/stranky/hlavni_menu.o
                0x08002e00                vykresliStavSDKartyVHlavnimMenu
 .text.aktualizujStavSDKartyVHlavnimMenu
                0x08002e5c      0x25c ./Core/Src/stranky/hlavni_menu.o
                0x08002e5c                aktualizujStavSDKartyVHlavnimMenu
 .text.aktualizujHodinyVHlavnimMenu
                0x080030b8       0xb4 ./Core/Src/stranky/hlavni_menu.o
                0x080030b8                aktualizujHodinyVHlavnimMenu
 .text.aktualizujPoziciVyberuVHlavnimMenu
                0x0800316c       0x58 ./Core/Src/stranky/hlavni_menu.o
                0x0800316c                aktualizujPoziciVyberuVHlavnimMenu
 .text.vykresliHlavniMenu
                0x080031c4      0x260 ./Core/Src/stranky/hlavni_menu.o
                0x080031c4                vykresliHlavniMenu
 .text.horniLista
                0x08003424       0x90 ./Core/Src/widgety/widgety.o
                0x08003424                horniLista
 .text.Reset_Handler
                0x080034b4       0x50 ./Core/Startup/startup_stm32f746zgtx.o
                0x080034b4                Reset_Handler
 .text.Default_Handler
                0x08003504        0x2 ./Core/Startup/startup_stm32f746zgtx.o
                0x08003504                RTC_Alarm_IRQHandler
                0x08003504                EXTI2_IRQHandler
                0x08003504                TIM8_CC_IRQHandler
                0x08003504                UART8_IRQHandler
                0x08003504                SPI4_IRQHandler
                0x08003504                TIM1_CC_IRQHandler
                0x08003504                DMA2_Stream5_IRQHandler
                0x08003504                DMA1_Stream5_IRQHandler
                0x08003504                PVD_IRQHandler
                0x08003504                TAMP_STAMP_IRQHandler
                0x08003504                CAN2_RX1_IRQHandler
                0x08003504                EXTI3_IRQHandler
                0x08003504                TIM8_TRG_COM_TIM14_IRQHandler
                0x08003504                TIM1_UP_TIM10_IRQHandler
                0x08003504                TIM8_UP_TIM13_IRQHandler
                0x08003504                I2C3_ER_IRQHandler
                0x08003504                EXTI0_IRQHandler
                0x08003504                I2C2_EV_IRQHandler
                0x08003504                DMA1_Stream2_IRQHandler
                0x08003504                CAN1_RX0_IRQHandler
                0x08003504                FPU_IRQHandler
                0x08003504                OTG_HS_WKUP_IRQHandler
                0x08003504                LTDC_ER_IRQHandler
                0x08003504                CAN2_SCE_IRQHandler
                0x08003504                DMA2_Stream2_IRQHandler
                0x08003504                SPI1_IRQHandler
                0x08003504                TIM6_DAC_IRQHandler
                0x08003504                TIM1_BRK_TIM9_IRQHandler
                0x08003504                DCMI_IRQHandler
                0x08003504                CAN2_RX0_IRQHandler
                0x08003504                DMA2_Stream3_IRQHandler
                0x08003504                SAI2_IRQHandler
                0x08003504                USART6_IRQHandler
                0x08003504                USART3_IRQHandler
                0x08003504                CAN1_RX1_IRQHandler
                0x08003504                UART5_IRQHandler
                0x08003504                DMA2_Stream0_IRQHandler
                0x08003504                TIM4_IRQHandler
                0x08003504                QUADSPI_IRQHandler
                0x08003504                I2C1_EV_IRQHandler
                0x08003504                DMA1_Stream6_IRQHandler
                0x08003504                DMA1_Stream1_IRQHandler
                0x08003504                UART4_IRQHandler
                0x08003504                TIM3_IRQHandler
                0x08003504                RCC_IRQHandler
                0x08003504                TIM8_BRK_TIM12_IRQHandler
                0x08003504                Default_Handler
                0x08003504                CEC_IRQHandler
                0x08003504                ADC_IRQHandler
                0x08003504                DMA1_Stream7_IRQHandler
                0x08003504                SPI5_IRQHandler
                0x08003504                TIM7_IRQHandler
                0x08003504                SDMMC1_IRQHandler
                0x08003504                CAN2_TX_IRQHandler
                0x08003504                TIM5_IRQHandler
                0x08003504                DMA2_Stream7_IRQHandler
                0x08003504                I2C3_EV_IRQHandler
                0x08003504                RTC_WKUP_IRQHandler
                0x08003504                LTDC_IRQHandler
                0x08003504                ETH_WKUP_IRQHandler
                0x08003504                SPDIF_RX_IRQHandler
                0x08003504                SPI2_IRQHandler
                0x08003504                OTG_HS_EP1_IN_IRQHandler
                0x08003504                DMA1_Stream0_IRQHandler
                0x08003504                CAN1_TX_IRQHandler
                0x08003504                EXTI4_IRQHandler
                0x08003504                RNG_IRQHandler
                0x08003504                ETH_IRQHandler
                0x08003504                OTG_HS_EP1_OUT_IRQHandler
                0x08003504                WWDG_IRQHandler
                0x08003504                SPI6_IRQHandler
                0x08003504                I2C4_EV_IRQHandler
                0x08003504                OTG_FS_WKUP_IRQHandler
                0x08003504                OTG_HS_IRQHandler
                0x08003504                DMA2D_IRQHandler
                0x08003504                EXTI1_IRQHandler
                0x08003504                UART7_IRQHandler
                0x08003504                USART2_IRQHandler
                0x08003504                I2C2_ER_IRQHandler
                0x08003504                DMA2_Stream1_IRQHandler
                0x08003504                CAN1_SCE_IRQHandler
                0x08003504                FLASH_IRQHandler
                0x08003504                DMA2_Stream4_IRQHandler
                0x08003504                USART1_IRQHandler
                0x08003504                OTG_FS_IRQHandler
                0x08003504                SPI3_IRQHandler
                0x08003504                DMA1_Stream4_IRQHandler
                0x08003504                I2C1_ER_IRQHandler
                0x08003504                FMC_IRQHandler
                0x08003504                LPTIM1_IRQHandler
                0x08003504                I2C4_ER_IRQHandler
                0x08003504                DMA2_Stream6_IRQHandler
                0x08003504                SAI1_IRQHandler
                0x08003504                DMA1_Stream3_IRQHandler
 .text.HAL_Init
                0x08003506       0x1a ./Drivers/STM32F7xx_HAL_Driver/Src/stm32f7xx_hal.o
                0x08003506                HAL_Init
 .text.HAL_InitTick
                0x08003520       0x60 ./Drivers/STM32F7xx_HAL_Driver/Src/stm32f7xx_hal.o
                0x08003520                HAL_InitTick
 .text.HAL_IncTick
                0x08003580       0x28 ./Drivers/STM32F7xx_HAL_Driver/Src/stm32f7xx_hal.o
                0x08003580                HAL_IncTick
 .text.HAL_GetTick
                0x080035a8       0x18 ./Drivers/STM32F7xx_HAL_Driver/Src/stm32f7xx_hal.o
                0x080035a8                HAL_GetTick
 .text.HAL_Delay
                0x080035c0       0x48 ./Drivers/STM32F7xx_HAL_Driver/Src/stm32f7xx_hal.o
                0x080035c0                HAL_Delay
 .text.HAL_ADC_Init
                0x08003608       0x88 ./Drivers/STM32F7xx_HAL_Driver/Src/stm32f7xx_hal_adc.o
                0x08003608                HAL_ADC_Init
 .text.HAL_ADC_Start
                0x08003690      0x19c ./Drivers/STM32F7xx_HAL_Driver/Src/stm32f7xx_hal_adc.o
                0x08003690                HAL_ADC_Start
 .text.HAL_ADC_ConfigChannel
                0x0800382c      0x2b4 ./Drivers/STM32F7xx_HAL_Driver/Src/stm32f7xx_hal_adc.o
                0x0800382c                HAL_ADC_ConfigChannel
 .text.ADC_Init
                0x08003ae0      0x1f4 ./Drivers/STM32F7xx_HAL_Driver/Src/stm32f7xx_hal_adc.o
 .text.__NVIC_SetPriorityGrouping
                0x08003cd4       0x48 ./Drivers/STM32F7xx_HAL_Driver/Src/stm32f7xx_hal_cortex.o
 .text.__NVIC_GetPriorityGrouping
                0x08003d1c       0x1c ./Drivers/STM32F7xx_HAL_Driver/Src/stm32f7xx_hal_cortex.o
 .text.__NVIC_EnableIRQ
                0x08003d38       0x3c ./Drivers/STM32F7xx_HAL_Driver/Src/stm32f7xx_hal_cortex.o
 .text.__NVIC_SetPriority
                0x08003d74       0x54 ./Drivers/STM32F7xx_HAL_Driver/Src/stm32f7xx_hal_cortex.o
 .text.NVIC_EncodePriority
                0x08003dc8       0x66 ./Drivers/STM32F7xx_HAL_Driver/Src/stm32f7xx_hal_cortex.o
 *fill*         0x08003e2e        0x2 
 .text.SysTick_Config
                0x08003e30       0x44 ./Drivers/STM32F7xx_HAL_Driver/Src/stm32f7xx_hal_cortex.o
 .text.HAL_NVIC_SetPriorityGrouping
                0x08003e74       0x16 ./Drivers/STM32F7xx_HAL_Driver/Src/stm32f7xx_hal_cortex.o
                0x08003e74                HAL_NVIC_SetPriorityGrouping
 .text.HAL_NVIC_SetPriority
                0x08003e8a       0x38 ./Drivers/STM32F7xx_HAL_Driver/Src/stm32f7xx_hal_cortex.o
                0x08003e8a                HAL_NVIC_SetPriority
 .text.HAL_NVIC_EnableIRQ
                0x08003ec2       0x1c ./Drivers/STM32F7xx_HAL_Driver/Src/stm32f7xx_hal_cortex.o
                0x08003ec2                HAL_NVIC_EnableIRQ
 .text.HAL_SYSTICK_Config
                0x08003ede       0x18 ./Drivers/STM32F7xx_HAL_Driver/Src/stm32f7xx_hal_cortex.o
                0x08003ede                HAL_SYSTICK_Config
 *fill*         0x08003ef6        0x2 
 .text.HAL_MPU_Disable
                0x08003ef8       0x30 ./Drivers/STM32F7xx_HAL_Driver/Src/stm32f7xx_hal_cortex.o
                0x08003ef8                HAL_MPU_Disable
 .text.HAL_MPU_Enable
                0x08003f28       0x40 ./Drivers/STM32F7xx_HAL_Driver/Src/stm32f7xx_hal_cortex.o
                0x08003f28                HAL_MPU_Enable
 .text.HAL_MPU_ConfigRegion
                0x08003f68       0x80 ./Drivers/STM32F7xx_HAL_Driver/Src/stm32f7xx_hal_cortex.o
                0x08003f68                HAL_MPU_ConfigRegion
 .text.HAL_GPIO_Init
                0x08003fe8      0x358 ./Drivers/STM32F7xx_HAL_Driver/Src/stm32f7xx_hal_gpio.o
                0x08003fe8                HAL_GPIO_Init
 .text.HAL_GPIO_ReadPin
                0x08004340       0x30 ./Drivers/STM32F7xx_HAL_Driver/Src/stm32f7xx_hal_gpio.o
                0x08004340                HAL_GPIO_ReadPin
 .text.HAL_GPIO_WritePin
                0x08004370       0x32 ./Drivers/STM32F7xx_HAL_Driver/Src/stm32f7xx_hal_gpio.o
                0x08004370                HAL_GPIO_WritePin
 *fill*         0x080043a2        0x2 
 .text.HAL_GPIO_EXTI_IRQHandler
                0x080043a4       0x30 ./Drivers/STM32F7xx_HAL_Driver/Src/stm32f7xx_hal_gpio.o
                0x080043a4                HAL_GPIO_EXTI_IRQHandler
 .text.HAL_I2C_Init
                0x080043d4      0x138 ./Drivers/STM32F7xx_HAL_Driver/Src/stm32f7xx_hal_i2c.o
                0x080043d4                HAL_I2C_Init
 .text.HAL_I2C_Mem_Write
                0x0800450c      0x228 ./Drivers/STM32F7xx_HAL_Driver/Src/stm32f7xx_hal_i2c.o
                0x0800450c                HAL_I2C_Mem_Write
 .text.I2C_RequestMemoryWrite
                0x08004734       0xa8 ./Drivers/STM32F7xx_HAL_Driver/Src/stm32f7xx_hal_i2c.o
 .text.I2C_Flush_TXDR
                0x080047dc       0x48 ./Drivers/STM32F7xx_HAL_Driver/Src/stm32f7xx_hal_i2c.o
 .text.I2C_WaitOnFlagUntilTimeout
                0x08004824       0xb2 ./Drivers/STM32F7xx_HAL_Driver/Src/stm32f7xx_hal_i2c.o
 .text.I2C_WaitOnTXISFlagUntilTimeout
                0x080048d6       0x8e ./Drivers/STM32F7xx_HAL_Driver/Src/stm32f7xx_hal_i2c.o
 .text.I2C_WaitOnSTOPFlagUntilTimeout
                0x08004964       0x86 ./Drivers/STM32F7xx_HAL_Driver/Src/stm32f7xx_hal_i2c.o
 *fill*         0x080049ea        0x2 
 .text.I2C_IsErrorOccurred
                0x080049ec      0x1c0 ./Drivers/STM32F7xx_HAL_Driver/Src/stm32f7xx_hal_i2c.o
 .text.I2C_TransferConfig
                0x08004bac       0x64 ./Drivers/STM32F7xx_HAL_Driver/Src/stm32f7xx_hal_i2c.o
 .text.HAL_I2CEx_ConfigAnalogFilter
                0x08004c10       0x96 ./Drivers/STM32F7xx_HAL_Driver/Src/stm32f7xx_hal_i2c_ex.o
                0x08004c10                HAL_I2CEx_ConfigAnalogFilter
 .text.HAL_I2CEx_ConfigDigitalFilter
                0x08004ca6       0x98 ./Drivers/STM32F7xx_HAL_Driver/Src/stm32f7xx_hal_i2c_ex.o
                0x08004ca6                HAL_I2CEx_ConfigDigitalFilter
 *fill*         0x08004d3e        0x2 
 .text.HAL_RCC_OscConfig
                0x08004d40      0x548 ./Drivers/STM32F7xx_HAL_Driver/Src/stm32f7xx_hal_rcc.o
                0x08004d40                HAL_RCC_OscConfig
 .text.HAL_RCC_ClockConfig
                0x08005288      0x1d8 ./Drivers/STM32F7xx_HAL_Driver/Src/stm32f7xx_hal_rcc.o
                0x08005288                HAL_RCC_ClockConfig
 .text.HAL_RCC_GetSysClockFreq
                0x08005460      0x188 ./Drivers/STM32F7xx_HAL_Driver/Src/stm32f7xx_hal_rcc.o
                0x08005460                HAL_RCC_GetSysClockFreq
 .text.HAL_RCCEx_PeriphCLKConfig
                0x080055e8      0x7e0 ./Drivers/STM32F7xx_HAL_Driver/Src/stm32f7xx_hal_rcc_ex.o
                0x080055e8                HAL_RCCEx_PeriphCLKConfig
 .text.HAL_SPI_Init
                0x08005dc8      0x156 ./Drivers/STM32F7xx_HAL_Driver/Src/stm32f7xx_hal_spi.o
                0x08005dc8                HAL_SPI_Init
 .text.HAL_SPI_Transmit
                0x08005f1e      0x2ec ./Drivers/STM32F7xx_HAL_Driver/Src/stm32f7xx_hal_spi.o
                0x08005f1e                HAL_SPI_Transmit
 .text.HAL_SPI_TransmitReceive
                0x0800620a      0x43e ./Drivers/STM32F7xx_HAL_Driver/Src/stm32f7xx_hal_spi.o
                0x0800620a                HAL_SPI_TransmitReceive
 .text.SPI_WaitFlagStateUntilTimeout
                0x08006648      0x110 ./Drivers/STM32F7xx_HAL_Driver/Src/stm32f7xx_hal_spi.o
 .text.SPI_WaitFifoStateUntilTimeout
                0x08006758      0x12c ./Drivers/STM32F7xx_HAL_Driver/Src/stm32f7xx_hal_spi.o
 .text.SPI_EndRxTxTransaction
                0x08006884       0xd4 ./Drivers/STM32F7xx_HAL_Driver/Src/stm32f7xx_hal_spi.o
 .text.HAL_TIM_Base_Init
                0x08006958       0xae ./Drivers/STM32F7xx_HAL_Driver/Src/stm32f7xx_hal_tim.o
                0x08006958                HAL_TIM_Base_Init
 *fill*         0x08006a06        0x2 
 .text.HAL_TIM_Base_Start_IT
                0x08006a08       0xf0 ./Drivers/STM32F7xx_HAL_Driver/Src/stm32f7xx_hal_tim.o
                0x08006a08                HAL_TIM_Base_Start_IT
 .text.HAL_TIM_Base_Stop_IT
                0x08006af8       0x60 ./Drivers/STM32F7xx_HAL_Driver/Src/stm32f7xx_hal_tim.o
                0x08006af8                HAL_TIM_Base_Stop_IT
 .text.HAL_TIM_Encoder_Init
                0x08006b58      0x14c ./Drivers/STM32F7xx_HAL_Driver/Src/stm32f7xx_hal_tim.o
                0x08006b58                HAL_TIM_Encoder_Init
 .text.HAL_TIM_Encoder_Start
                0x08006ca4      0x11c ./Drivers/STM32F7xx_HAL_Driver/Src/stm32f7xx_hal_tim.o
                0x08006ca4                HAL_TIM_Encoder_Start
 .text.HAL_TIM_IRQHandler
                0x08006dc0      0x20e ./Drivers/STM32F7xx_HAL_Driver/Src/stm32f7xx_hal_tim.o
                0x08006dc0                HAL_TIM_IRQHandler
 *fill*         0x08006fce        0x2 
 .text.HAL_TIM_ConfigClockSource
                0x08006fd0      0x194 ./Drivers/STM32F7xx_HAL_Driver/Src/stm32f7xx_hal_tim.o
                0x08006fd0                HAL_TIM_ConfigClockSource
 .text.HAL_TIM_OC_DelayElapsedCallback
                0x08007164       0x14 ./Drivers/STM32F7xx_HAL_Driver/Src/stm32f7xx_hal_tim.o
                0x08007164                HAL_TIM_OC_DelayElapsedCallback
 .text.HAL_TIM_IC_CaptureCallback
                0x08007178       0x14 ./Drivers/STM32F7xx_HAL_Driver/Src/stm32f7xx_hal_tim.o
                0x08007178                HAL_TIM_IC_CaptureCallback
 .text.HAL_TIM_PWM_PulseFinishedCallback
                0x0800718c       0x14 ./Drivers/STM32F7xx_HAL_Driver/Src/stm32f7xx_hal_tim.o
                0x0800718c                HAL_TIM_PWM_PulseFinishedCallback
 .text.HAL_TIM_TriggerCallback
                0x080071a0       0x14 ./Drivers/STM32F7xx_HAL_Driver/Src/stm32f7xx_hal_tim.o
                0x080071a0                HAL_TIM_TriggerCallback
 .text.TIM_Base_SetConfig
                0x080071b4      0x14c ./Drivers/STM32F7xx_HAL_Driver/Src/stm32f7xx_hal_tim.o
                0x080071b4                TIM_Base_SetConfig
 .text.TIM_TI1_ConfigInputStage
                0x08007300       0x5e ./Drivers/STM32F7xx_HAL_Driver/Src/stm32f7xx_hal_tim.o
 .text.TIM_TI2_ConfigInputStage
                0x0800735e       0x60 ./Drivers/STM32F7xx_HAL_Driver/Src/stm32f7xx_hal_tim.o
 .text.TIM_ITRx_SetConfig
                0x080073be       0x36 ./Drivers/STM32F7xx_HAL_Driver/Src/stm32f7xx_hal_tim.o
 .text.TIM_ETR_SetConfig
                0x080073f4       0x40 ./Drivers/STM32F7xx_HAL_Driver/Src/stm32f7xx_hal_tim.o
                0x080073f4                TIM_ETR_SetConfig
 .text.TIM_CCxChannelCmd
                0x08007434       0x4a ./Drivers/STM32F7xx_HAL_Driver/Src/stm32f7xx_hal_tim.o
                0x08007434                TIM_CCxChannelCmd
 *fill*         0x0800747e        0x2 
 .text.HAL_TIMEx_MasterConfigSynchronization
                0x08007480      0x11c ./Drivers/STM32F7xx_HAL_Driver/Src/stm32f7xx_hal_tim_ex.o
                0x08007480                HAL_TIMEx_MasterConfigSynchronization
 .text.HAL_TIMEx_CommutCallback
                0x0800759c       0x14 ./Drivers/STM32F7xx_HAL_Driver/Src/stm32f7xx_hal_tim_ex.o
                0x0800759c                HAL_TIMEx_CommutCallback
 .text.HAL_TIMEx_BreakCallback
                0x080075b0       0x14 ./Drivers/STM32F7xx_HAL_Driver/Src/stm32f7xx_hal_tim_ex.o
                0x080075b0                HAL_TIMEx_BreakCallback
 .text.HAL_TIMEx_Break2Callback
                0x080075c4       0x14 ./Drivers/STM32F7xx_HAL_Driver/Src/stm32f7xx_hal_tim_ex.o
                0x080075c4                HAL_TIMEx_Break2Callback
 .text.BME280_Set_SPI_Mode
                0x080075d8       0x70 ./Drivers/bme280/bme280.o
                0x080075d8                BME280_Set_SPI_Mode
 .text.BME280_NSS_Low
                0x08007648       0x3c ./Drivers/bme280/bme280.o
                0x08007648                BME280_NSS_Low
 .text.BME280_NSS_High
                0x08007684       0x18 ./Drivers/bme280/bme280.o
                0x08007684                BME280_NSS_High
 .text.BME280_ReadRaw
                0x0800769c       0xc4 ./Drivers/bme280/bme280.o
 .text.TrimRead
                0x08007760      0x240 ./Drivers/bme280/bme280.o
 .text.BME280_compensate_T_int32
                0x080079a0       0x84 ./Drivers/bme280/bme280.o
 .text.BME280_compensate_H_int32
                0x08007a24       0xd8 ./Drivers/bme280/bme280.o
 .text.BME280_compensate_P_int64
                0x08007afc      0x57c ./Drivers/bme280/bme280.o
 .text.BME280_Measure
                0x08008078       0xa4 ./Drivers/bme280/bme280.o
                0x08008078                BME280_Measure
 .text.BME280_Config
                0x0800811c      0x21c ./Drivers/bme280/bme280.o
                0x0800811c                BME280_Config
 .text.ili9486_DisplayOn
                0x08008338       0x14 ./Drivers/lcd/ili9486.o
                0x08008338                ili9486_DisplayOn
 .text.ili9486_DisplayOff
                0x0800834c       0x14 ./Drivers/lcd/ili9486.o
                0x0800834c                ili9486_DisplayOff
 .text.ili9486_GetLcdPixelWidth
                0x08008360       0x12 ./Drivers/lcd/ili9486.o
                0x08008360                ili9486_GetLcdPixelWidth
 .text.ili9486_GetLcdPixelHeight
                0x08008372       0x12 ./Drivers/lcd/ili9486.o
                0x08008372                ili9486_GetLcdPixelHeight
 .text.ili9486_ReadID
                0x08008384       0x34 ./Drivers/lcd/ili9486.o
                0x08008384                ili9486_ReadID
 .text.ili9486_Init
                0x080083b8       0xf0 ./Drivers/lcd/ili9486.o
                0x080083b8                ili9486_Init
 .text.ili9486_SetCursor
                0x080084a8       0x84 ./Drivers/lcd/ili9486.o
                0x080084a8                ili9486_SetCursor
 .text.ili9486_WritePixel
                0x0800852c       0x94 ./Drivers/lcd/ili9486.o
                0x0800852c                ili9486_WritePixel
 .text.ili9486_ReadPixel
                0x080085c0       0xb0 ./Drivers/lcd/ili9486.o
                0x080085c0                ili9486_ReadPixel
 .text.ili9486_SetDisplayWindow
                0x08008670       0xd0 ./Drivers/lcd/ili9486.o
                0x08008670                ili9486_SetDisplayWindow
 .text.ili9486_DrawHLine
                0x08008740       0xae ./Drivers/lcd/ili9486.o
                0x08008740                ili9486_DrawHLine
 .text.ili9486_DrawVLine
                0x080087ee       0xae ./Drivers/lcd/ili9486.o
                0x080087ee                ili9486_DrawVLine
 .text.ili9486_FillRect
                0x0800889c       0xc6 ./Drivers/lcd/ili9486.o
                0x0800889c                ili9486_FillRect
 *fill*         0x08008962        0x2 
 .text.ili9486_DrawBitmap
                0x08008964       0xc0 ./Drivers/lcd/ili9486.o
                0x08008964                ili9486_DrawBitmap
 .text.ili9486_DrawRGBImage
                0x08008a24       0x44 ./Drivers/lcd/ili9486.o
                0x08008a24                ili9486_DrawRGBImage
 .text.ili9486_ReadRGBImage
                0x08008a68       0x64 ./Drivers/lcd/ili9486.o
                0x08008a68                ili9486_ReadRGBImage
 .text.ili9486_Scroll
                0x08008acc       0xc0 ./Drivers/lcd/ili9486.o
                0x08008acc                ili9486_Scroll
 .text.LCD_IO_Delay
                0x08008b8c       0x22 ./Drivers/lcd/lcd_io_gpio8.o
                0x08008b8c                LCD_IO_Delay
 .text.LCD_Delay
                0x08008bae       0x16 ./Drivers/lcd/lcd_io_gpio8.o
                0x08008bae                LCD_Delay
 .text.LCD_IO_Bl_OnOff
                0x08008bc4       0x16 ./Drivers/lcd/lcd_io_gpio8.o
                0x08008bc4                LCD_IO_Bl_OnOff
 *fill*         0x08008bda        0x2 
 .text.LCD_IO_Init
                0x08008bdc      0x1cc ./Drivers/lcd/lcd_io_gpio8.o
                0x08008bdc                LCD_IO_Init
 .text.LCD_IO_WriteCmd8
                0x08008da8      0x140 ./Drivers/lcd/lcd_io_gpio8.o
                0x08008da8                LCD_IO_WriteCmd8
 .text.LCD_IO_WriteData8
                0x08008ee8      0x130 ./Drivers/lcd/lcd_io_gpio8.o
                0x08008ee8                LCD_IO_WriteData8
 .text.LCD_IO_WriteData16
                0x08009018      0x238 ./Drivers/lcd/lcd_io_gpio8.o
                0x08009018                LCD_IO_WriteData16
 .text.LCD_IO_WriteCmd8DataFill16
                0x08009250      0x370 ./Drivers/lcd/lcd_io_gpio8.o
                0x08009250                LCD_IO_WriteCmd8DataFill16
 .text.LCD_IO_WriteCmd8MultipleData8
                0x080095c0      0x25c ./Drivers/lcd/lcd_io_gpio8.o
                0x080095c0                LCD_IO_WriteCmd8MultipleData8
 .text.LCD_IO_WriteCmd8MultipleData16
                0x0800981c      0x374 ./Drivers/lcd/lcd_io_gpio8.o
                0x0800981c                LCD_IO_WriteCmd8MultipleData16
 .text.LCD_IO_ReadCmd8MultipleData8
                0x08009b90      0x320 ./Drivers/lcd/lcd_io_gpio8.o
                0x08009b90                LCD_IO_ReadCmd8MultipleData8
 .text.LCD_IO_ReadCmd8MultipleData24to16
                0x08009eb0      0x4e8 ./Drivers/lcd/lcd_io_gpio8.o
                0x08009eb0                LCD_IO_ReadCmd8MultipleData24to16
 .text.BSP_LCD_Init
                0x0800a398       0x40 ./Drivers/lcd/stm32_adafruit_lcd.o
                0x0800a398                BSP_LCD_Init
 .text.BSP_LCD_GetXSize
                0x0800a3d8       0x18 ./Drivers/lcd/stm32_adafruit_lcd.o
                0x0800a3d8                BSP_LCD_GetXSize
 .text.BSP_LCD_GetYSize
                0x0800a3f0       0x18 ./Drivers/lcd/stm32_adafruit_lcd.o
                0x0800a3f0                BSP_LCD_GetYSize
 .text.BSP_LCD_SetTextColor
                0x0800a408       0x20 ./Drivers/lcd/stm32_adafruit_lcd.o
                0x0800a408                BSP_LCD_SetTextColor
 .text.BSP_LCD_SetBackColor
                0x0800a428       0x20 ./Drivers/lcd/stm32_adafruit_lcd.o
                0x0800a428                BSP_LCD_SetBackColor
 .text.BSP_LCD_SetFont
                0x0800a448       0x20 ./Drivers/lcd/stm32_adafruit_lcd.o
                0x0800a448                BSP_LCD_SetFont
 .text.BSP_LCD_Clear
                0x0800a468       0x3c ./Drivers/lcd/stm32_adafruit_lcd.o
                0x0800a468                BSP_LCD_Clear
 .text.BSP_LCD_DisplayChar
                0x0800a4a4       0x54 ./Drivers/lcd/stm32_adafruit_lcd.o
                0x0800a4a4                BSP_LCD_DisplayChar
 .text.BSP_LCD_DisplayStringAt
                0x0800a4f8      0x120 ./Drivers/lcd/stm32_adafruit_lcd.o
                0x0800a4f8                BSP_LCD_DisplayStringAt
 .text.BSP_LCD_DrawPixel
                0x0800a618       0x38 ./Drivers/lcd/stm32_adafruit_lcd.o
                0x0800a618                BSP_LCD_DrawPixel
 .text.BSP_LCD_DrawHLine
                0x0800a650       0x74 ./Drivers/lcd/stm32_adafruit_lcd.o
                0x0800a650                BSP_LCD_DrawHLine
 .text.BSP_LCD_DrawVLine
                0x0800a6c4       0x74 ./Drivers/lcd/stm32_adafruit_lcd.o
                0x0800a6c4                BSP_LCD_DrawVLine
 .text.BSP_LCD_DrawLine
                0x0800a738      0x188 ./Drivers/lcd/stm32_adafruit_lcd.o
                0x0800a738                BSP_LCD_DrawLine
 .text.BSP_LCD_DrawRect
                0x0800a8c0       0x6a ./Drivers/lcd/stm32_adafruit_lcd.o
                0x0800a8c0                BSP_LCD_DrawRect
 .text.BSP_LCD_DrawPolygon
                0x0800a92a       0x9a ./Drivers/lcd/stm32_adafruit_lcd.o
                0x0800a92a                BSP_LCD_DrawPolygon
 .text.BSP_LCD_DrawBitmap
                0x0800a9c4       0xb4 ./Drivers/lcd/stm32_adafruit_lcd.o
                0x0800a9c4                BSP_LCD_DrawBitmap
 .text.BSP_LCD_FillRect
                0x0800aa78       0x48 ./Drivers/lcd/stm32_adafruit_lcd.o
                0x0800aa78                BSP_LCD_FillRect
 .text.DrawChar
                0x0800aac0      0x254 ./Drivers/lcd/stm32_adafruit_lcd.o
 .text.SetDisplayWindow
                0x0800ad14       0x44 ./Drivers/lcd/stm32_adafruit_lcd.o
 .text.NSS_high
                0x0800ad58       0x18 ./Drivers/lora/lora.o
                0x0800ad58                NSS_high
 .text.NSS_low  0x0800ad70       0x18 ./Drivers/lora/lora.o
                0x0800ad70                NSS_low
 .text.wait_BUSY
                0x0800ad88       0x20 ./Drivers/lora/lora.o
                0x0800ad88                wait_BUSY
 .text.transmit_SPI_variable
                0x0800ada8       0x34 ./Drivers/lora/lora.o
                0x0800ada8                transmit_SPI_variable
 .text.transmit_recieve_SPI_variable
                0x0800addc       0x3c ./Drivers/lora/lora.o
                0x0800addc                transmit_recieve_SPI_variable
 .text.LoRa_set_data
                0x0800ae18       0x50 ./Drivers/lora/lora.o
                0x0800ae18                LoRa_set_data
 .text.LoRa_process_data
                0x0800ae68       0xec ./Drivers/lora/lora.o
                0x0800ae68                LoRa_process_data
 .text.LoRa_init
                0x0800af54       0xb0 ./Drivers/lora/lora.o
                0x0800af54                LoRa_init
 .text.LoRa_start_Rx
                0x0800b004       0x20 ./Drivers/lora/lora.o
                0x0800b004                LoRa_start_Rx
 .text.LoRa_send_data
                0x0800b024       0x2c ./Drivers/lora/lora.o
                0x0800b024                LoRa_send_data
 .text.LoRa_loop
                0x0800b050       0x48 ./Drivers/lora/lora.o
                0x0800b050                LoRa_loop
 .text.LoRa_DIO1_interrupt_handler
                0x0800b098       0x90 ./Drivers/lora/lora.o
                0x0800b098                LoRa_DIO1_interrupt_handler
 .text.LoRa_TIM2_interrupt_handler
                0x0800b128       0x1c ./Drivers/lora/lora.o
                0x0800b128                LoRa_TIM2_interrupt_handler
 .text.ssd1306_Reset
                0x0800b144        0xe ./Drivers/ssd1306/ssd1306.o
                0x0800b144                ssd1306_Reset
 *fill*         0x0800b152        0x2 
 .text.ssd1306_WriteCommand
                0x0800b154       0x30 ./Drivers/ssd1306/ssd1306.o
                0x0800b154                ssd1306_WriteCommand
 .text.ssd1306_WriteData
                0x0800b184       0x34 ./Drivers/ssd1306/ssd1306.o
                0x0800b184                ssd1306_WriteData
 .text.ssd1306_Init
                0x0800b1b8       0xd4 ./Drivers/ssd1306/ssd1306.o
                0x0800b1b8                ssd1306_Init
 .text.ssd1306_Fill
                0x0800b28c       0x30 ./Drivers/ssd1306/ssd1306.o
                0x0800b28c                ssd1306_Fill
 .text.ssd1306_UpdateScreen
                0x0800b2bc       0x50 ./Drivers/ssd1306/ssd1306.o
                0x0800b2bc                ssd1306_UpdateScreen
 .text.ssd1306_DrawPixel
                0x0800b30c       0xa8 ./Drivers/ssd1306/ssd1306.o
                0x0800b30c                ssd1306_DrawPixel
 .text.ssd1306_WriteChar
                0x0800b3b4      0x134 ./Drivers/ssd1306/ssd1306.o
                0x0800b3b4                ssd1306_WriteChar
 .text.ssd1306_WriteString
                0x0800b4e8       0x4a ./Drivers/ssd1306/ssd1306.o
                0x0800b4e8                ssd1306_WriteString
 *fill*         0x0800b532        0x2 
 .text.ssd1306_SetCursor
                0x0800b534       0x30 ./Drivers/ssd1306/ssd1306.o
                0x0800b534                ssd1306_SetCursor
 .text.ssd1306_SetContrast
                0x0800b564       0x26 ./Drivers/ssd1306/ssd1306.o
                0x0800b564                ssd1306_SetContrast
 *fill*         0x0800b58a        0x2 
 .text.ssd1306_SetDisplayOn
                0x0800b58c       0x3c ./Drivers/ssd1306/ssd1306.o
                0x0800b58c                ssd1306_SetDisplayOn
 .text.MX_FATFS_Init
                0x0800b5c8       0x24 ./FATFS/App/fatfs.o
                0x0800b5c8                MX_FATFS_Init
 .text.USER_initialize
                0x0800b5ec       0x1c ./FATFS/Target/user_diskio.o
                0x0800b5ec                USER_initialize
 .text.USER_status
                0x0800b608       0x1c ./FATFS/Target/user_diskio.o
                0x0800b608                USER_status
 .text.USER_read
                0x0800b624       0x26 ./FATFS/Target/user_diskio.o
                0x0800b624                USER_read
 .text.USER_write
                0x0800b64a       0x26 ./FATFS/Target/user_diskio.o
                0x0800b64a                USER_write
 .text.USER_ioctl
                0x0800b670       0x26 ./FATFS/Target/user_diskio.o
                0x0800b670                USER_ioctl
 *fill*         0x0800b696        0x2 
 .text.SPI_Timer_On
                0x0800b698       0x28 ./FATFS/Target/user_diskio_spi.o
                0x0800b698                SPI_Timer_On
 .text.SPI_Timer_Status
                0x0800b6c0       0x2c ./FATFS/Target/user_diskio_spi.o
                0x0800b6c0                SPI_Timer_Status
 .text.xchg_spi
                0x0800b6ec       0x2c ./FATFS/Target/user_diskio_spi.o
 .text.rcvr_spi_multi
                0x0800b718       0x38 ./FATFS/Target/user_diskio_spi.o
 .text.xmit_spi_multi
                0x0800b750       0x28 ./FATFS/Target/user_diskio_spi.o
 .text.wait_ready
                0x0800b778       0x46 ./FATFS/Target/user_diskio_spi.o
 *fill*         0x0800b7be        0x2 
 .text.despiselect
                0x0800b7c0       0x1c ./FATFS/Target/user_diskio_spi.o
 .text.spiselect
                0x0800b7dc       0x34 ./FATFS/Target/user_diskio_spi.o
 .text.rcvr_datablock
                0x0800b810       0x52 ./FATFS/Target/user_diskio_spi.o
 .text.xmit_datablock
                0x0800b862       0x64 ./FATFS/Target/user_diskio_spi.o
 .text.send_cmd
                0x0800b8c6       0xde ./FATFS/Target/user_diskio_spi.o
 .text.USER_SPI_initialize
                0x0800b9a4      0x1d8 ./FATFS/Target/user_diskio_spi.o
                0x0800b9a4                USER_SPI_initialize
 .text.USER_SPI_status
                0x0800bb7c       0x2c ./FATFS/Target/user_diskio_spi.o
                0x0800bb7c                USER_SPI_status
 .text.USER_SPI_read
                0x0800bba8       0xcc ./FATFS/Target/user_diskio_spi.o
                0x0800bba8                USER_SPI_read
 .text.USER_SPI_write
                0x0800bc74       0xf8 ./FATFS/Target/user_diskio_spi.o
                0x0800bc74                USER_SPI_write
 .text.USER_SPI_ioctl
                0x0800bd6c      0x2e0 ./FATFS/Target/user_diskio_spi.o
                0x0800bd6c                USER_SPI_ioctl
 .text.disk_status
                0x0800c04c       0x34 ./Middlewares/Third_Party/FatFs/src/diskio.o
                0x0800c04c                disk_status
 .text.disk_initialize
                0x0800c080       0x4c ./Middlewares/Third_Party/FatFs/src/diskio.o
                0x0800c080                disk_initialize
 .text.disk_read
                0x0800c0cc       0x40 ./Middlewares/Third_Party/FatFs/src/diskio.o
                0x0800c0cc                disk_read
 .text.disk_write
                0x0800c10c       0x40 ./Middlewares/Third_Party/FatFs/src/diskio.o
                0x0800c10c                disk_write
 .text.ld_word  0x0800c14c       0x32 ./Middlewares/Third_Party/FatFs/src/ff.o
 .text.ld_dword
                0x0800c17e       0x46 ./Middlewares/Third_Party/FatFs/src/ff.o
 .text.clear_lock
                0x0800c1c4       0x48 ./Middlewares/Third_Party/FatFs/src/ff.o
 .text.sync_window
                0x0800c20c       0x88 ./Middlewares/Third_Party/FatFs/src/ff.o
 .text.move_window
                0x0800c294       0x5a ./Middlewares/Third_Party/FatFs/src/ff.o
 .text.get_fat  0x0800c2ee      0x14e ./Middlewares/Third_Party/FatFs/src/ff.o
 .text.get_ldnumber
                0x0800c43c       0x88 ./Middlewares/Third_Party/FatFs/src/ff.o
 .text.check_fs
                0x0800c4c4       0xac ./Middlewares/Third_Party/FatFs/src/ff.o
 .text.find_volume
                0x0800c570      0x498 ./Middlewares/Third_Party/FatFs/src/ff.o
 .text.f_mount  0x0800ca08       0x8c ./Middlewares/Third_Party/FatFs/src/ff.o
                0x0800ca08                f_mount
 .text.f_getfree
                0x0800ca94      0x16a ./Middlewares/Third_Party/FatFs/src/ff.o
                0x0800ca94                f_getfree
 *fill*         0x0800cbfe        0x2 
 .text.FATFS_LinkDriverEx
                0x0800cc00       0x98 ./Middlewares/Third_Party/FatFs/src/ff_gen_drv.o
                0x0800cc00                FATFS_LinkDriverEx
 .text.FATFS_LinkDriver
                0x0800cc98       0x1e ./Middlewares/Third_Party/FatFs/src/ff_gen_drv.o
                0x0800cc98                FATFS_LinkDriver
 .text.__cvt    0x0800ccb6       0xca C:/ST/STM32CubeIDE_2.1.1/STM32CubeIDE/plugins/com.st.stm32cube.ide.mcu.externaltools.gnu-tools-for-stm32.14.3.rel1.win32_1.0.100.202602081740/tools/bin/../lib/gcc/arm-none-eabi/14.3.1/../../../../arm-none-eabi/lib/thumb/v7e-m+fp/hard\libc_nano.a(libc_a-nano-vfprintf_float.o)
                0x0800ccb6                __cvt
 .text.__exponent
                0x0800cd80       0x74 C:/ST/STM32CubeIDE_2.1.1/STM32CubeIDE/plugins/com.st.stm32cube.ide.mcu.externaltools.gnu-tools-for-stm32.14.3.rel1.win32_1.0.100.202602081740/tools/bin/../lib/gcc/arm-none-eabi/14.3.1/../../../../arm-none-eabi/lib/thumb/v7e-m+fp/hard\libc_nano.a(libc_a-nano-vfprintf_float.o)
                0x0800cd80                __exponent
 .text._printf_float
                0x0800cdf4      0x450 C:/ST/STM32CubeIDE_2.1.1/STM32CubeIDE/plugins/com.st.stm32cube.ide.mcu.externaltools.gnu-tools-for-stm32.14.3.rel1.win32_1.0.100.202602081740/tools/bin/../lib/gcc/arm-none-eabi/14.3.1/../../../../arm-none-eabi/lib/thumb/v7e-m+fp/hard\libc_nano.a(libc_a-nano-vfprintf_float.o)
                0x0800cdf4                _printf_float
 .text._printf_common
                0x0800d244       0xda C:/ST/STM32CubeIDE_2.1.1/STM32CubeIDE/plugins/com.st.stm32cube.ide.mcu.externaltools.gnu-tools-for-stm32.14.3.rel1.win32_1.0.100.202602081740/tools/bin/../lib/gcc/arm-none-eabi/14.3.1/../../../../arm-none-eabi/lib/thumb/v7e-m+fp/hard\libc_nano.a(libc_a-nano-vfprintf_i.o)
                0x0800d244                _printf_common
 *fill*         0x0800d31e        0x2 
 .text._printf_i
                0x0800d320      0x24c C:/ST/STM32CubeIDE_2.1.1/STM32CubeIDE/plugins/com.st.stm32cube.ide.mcu.externaltools.gnu-tools-for-stm32.14.3.rel1.win32_1.0.100.202602081740/tools/bin/../lib/gcc/arm-none-eabi/14.3.1/../../../../arm-none-eabi/lib/thumb/v7e-m+fp/hard\libc_nano.a(libc_a-nano-vfprintf_i.o)
                0x0800d320                _printf_i
 .text.std      0x0800d56c       0x6c C:/ST/STM32CubeIDE_2.1.1/STM32CubeIDE/plugins/com.st.stm32cube.ide.mcu.externaltools.gnu-tools-for-stm32.14.3.rel1.win32_1.0.100.202602081740/tools/bin/../lib/gcc/arm-none-eabi/14.3.1/../../../../arm-none-eabi/lib/thumb/v7e-m+fp/hard\libc_nano.a(libc_a-findfp.o)
 .text.stdio_exit_handler
                0x0800d5d8       0x18 C:/ST/STM32CubeIDE_2.1.1/STM32CubeIDE/plugins/com.st.stm32cube.ide.mcu.externaltools.gnu-tools-for-stm32.14.3.rel1.win32_1.0.100.202602081740/tools/bin/../lib/gcc/arm-none-eabi/14.3.1/../../../../arm-none-eabi/lib/thumb/v7e-m+fp/hard\libc_nano.a(libc_a-findfp.o)
 .text.cleanup_stdio
                0x0800d5f0       0x40 C:/ST/STM32CubeIDE_2.1.1/STM32CubeIDE/plugins/com.st.stm32cube.ide.mcu.externaltools.gnu-tools-for-stm32.14.3.rel1.win32_1.0.100.202602081740/tools/bin/../lib/gcc/arm-none-eabi/14.3.1/../../../../arm-none-eabi/lib/thumb/v7e-m+fp/hard\libc_nano.a(libc_a-findfp.o)
 .text.global_stdio_init.part.0
                0x0800d630       0x40 C:/ST/STM32CubeIDE_2.1.1/STM32CubeIDE/plugins/com.st.stm32cube.ide.mcu.externaltools.gnu-tools-for-stm32.14.3.rel1.win32_1.0.100.202602081740/tools/bin/../lib/gcc/arm-none-eabi/14.3.1/../../../../arm-none-eabi/lib/thumb/v7e-m+fp/hard\libc_nano.a(libc_a-findfp.o)
 .text.__sfp_lock_acquire
                0x0800d670        0xc C:/ST/STM32CubeIDE_2.1.1/STM32CubeIDE/plugins/com.st.stm32cube.ide.mcu.externaltools.gnu-tools-for-stm32.14.3.rel1.win32_1.0.100.202602081740/tools/bin/../lib/gcc/arm-none-eabi/14.3.1/../../../../arm-none-eabi/lib/thumb/v7e-m+fp/hard\libc_nano.a(libc_a-findfp.o)
                0x0800d670                __sfp_lock_acquire
 .text.__sfp_lock_release
                0x0800d67c        0xc C:/ST/STM32CubeIDE_2.1.1/STM32CubeIDE/plugins/com.st.stm32cube.ide.mcu.externaltools.gnu-tools-for-stm32.14.3.rel1.win32_1.0.100.202602081740/tools/bin/../lib/gcc/arm-none-eabi/14.3.1/../../../../arm-none-eabi/lib/thumb/v7e-m+fp/hard\libc_nano.a(libc_a-findfp.o)
                0x0800d67c                __sfp_lock_release
 .text.__sinit  0x0800d688       0x30 C:/ST/STM32CubeIDE_2.1.1/STM32CubeIDE/plugins/com.st.stm32cube.ide.mcu.externaltools.gnu-tools-for-stm32.14.3.rel1.win32_1.0.100.202602081740/tools/bin/../lib/gcc/arm-none-eabi/14.3.1/../../../../arm-none-eabi/lib/thumb/v7e-m+fp/hard\libc_nano.a(libc_a-findfp.o)
                0x0800d688                __sinit
 .text._fwalk_sglue
                0x0800d6b8       0x3c C:/ST/STM32CubeIDE_2.1.1/STM32CubeIDE/plugins/com.st.stm32cube.ide.mcu.externaltools.gnu-tools-for-stm32.14.3.rel1.win32_1.0.100.202602081740/tools/bin/../lib/gcc/arm-none-eabi/14.3.1/../../../../arm-none-eabi/lib/thumb/v7e-m+fp/hard\libc_nano.a(libc_a-fwalk.o)
                0x0800d6b8                _fwalk_sglue
 .text.snprintf
                0x0800d6f4       0x6c C:/ST/STM32CubeIDE_2.1.1/STM32CubeIDE/plugins/com.st.stm32cube.ide.mcu.externaltools.gnu-tools-for-stm32.14.3.rel1.win32_1.0.100.202602081740/tools/bin/../lib/gcc/arm-none-eabi/14.3.1/../../../../arm-none-eabi/lib/thumb/v7e-m+fp/hard\libc_nano.a(libc_a-snprintf.o)
                0x0800d6f4                sniprintf
                0x0800d6f4                snprintf
 .text.__sread  0x0800d760       0x22 C:/ST/STM32CubeIDE_2.1.1/STM32CubeIDE/plugins/com.st.stm32cube.ide.mcu.externaltools.gnu-tools-for-stm32.14.3.rel1.win32_1.0.100.202602081740/tools/bin/../lib/gcc/arm-none-eabi/14.3.1/../../../../arm-none-eabi/lib/thumb/v7e-m+fp/hard\libc_nano.a(libc_a-stdio.o)
                0x0800d760                __sread
 .text.__swrite
                0x0800d782       0x38 C:/ST/STM32CubeIDE_2.1.1/STM32CubeIDE/plugins/com.st.stm32cube.ide.mcu.externaltools.gnu-tools-for-stm32.14.3.rel1.win32_1.0.100.202602081740/tools/bin/../lib/gcc/arm-none-eabi/14.3.1/../../../../arm-none-eabi/lib/thumb/v7e-m+fp/hard\libc_nano.a(libc_a-stdio.o)
                0x0800d782                __swrite
 .text.__sseek  0x0800d7ba       0x26 C:/ST/STM32CubeIDE_2.1.1/STM32CubeIDE/plugins/com.st.stm32cube.ide.mcu.externaltools.gnu-tools-for-stm32.14.3.rel1.win32_1.0.100.202602081740/tools/bin/../lib/gcc/arm-none-eabi/14.3.1/../../../../arm-none-eabi/lib/thumb/v7e-m+fp/hard\libc_nano.a(libc_a-stdio.o)
                0x0800d7ba                __sseek
 .text.__sclose
                0x0800d7e0        0x8 C:/ST/STM32CubeIDE_2.1.1/STM32CubeIDE/plugins/com.st.stm32cube.ide.mcu.externaltools.gnu-tools-for-stm32.14.3.rel1.win32_1.0.100.202602081740/tools/bin/../lib/gcc/arm-none-eabi/14.3.1/../../../../arm-none-eabi/lib/thumb/v7e-m+fp/hard\libc_nano.a(libc_a-stdio.o)
                0x0800d7e0                __sclose
 .text.memset   0x0800d7e8       0x10 C:/ST/STM32CubeIDE_2.1.1/STM32CubeIDE/plugins/com.st.stm32cube.ide.mcu.externaltools.gnu-tools-for-stm32.14.3.rel1.win32_1.0.100.202602081740/tools/bin/../lib/gcc/arm-none-eabi/14.3.1/../../../../arm-none-eabi/lib/thumb/v7e-m+fp/hard\libc_nano.a(libc_a-memset.o)
                0x0800d7e8                memset
 .text._localeconv_r
                0x0800d7f8        0x8 C:/ST/STM32CubeIDE_2.1.1/STM32CubeIDE/plugins/com.st.stm32cube.ide.mcu.externaltools.gnu-tools-for-stm32.14.3.rel1.win32_1.0.100.202602081740/tools/bin/../lib/gcc/arm-none-eabi/14.3.1/../../../../arm-none-eabi/lib/thumb/v7e-m+fp/hard\libc_nano.a(libc_a-localeconv.o)
                0x0800d7f8                _localeconv_r
 .text._close_r
                0x0800d800       0x20 C:/ST/STM32CubeIDE_2.1.1/STM32CubeIDE/plugins/com.st.stm32cube.ide.mcu.externaltools.gnu-tools-for-stm32.14.3.rel1.win32_1.0.100.202602081740/tools/bin/../lib/gcc/arm-none-eabi/14.3.1/../../../../arm-none-eabi/lib/thumb/v7e-m+fp/hard\libc_nano.a(libc_a-closer.o)
                0x0800d800                _close_r
 .text._lseek_r
                0x0800d820       0x24 C:/ST/STM32CubeIDE_2.1.1/STM32CubeIDE/plugins/com.st.stm32cube.ide.mcu.externaltools.gnu-tools-for-stm32.14.3.rel1.win32_1.0.100.202602081740/tools/bin/../lib/gcc/arm-none-eabi/14.3.1/../../../../arm-none-eabi/lib/thumb/v7e-m+fp/hard\libc_nano.a(libc_a-lseekr.o)
                0x0800d820                _lseek_r
 .text._read_r  0x0800d844       0x24 C:/ST/STM32CubeIDE_2.1.1/STM32CubeIDE/plugins/com.st.stm32cube.ide.mcu.externaltools.gnu-tools-for-stm32.14.3.rel1.win32_1.0.100.202602081740/tools/bin/../lib/gcc/arm-none-eabi/14.3.1/../../../../arm-none-eabi/lib/thumb/v7e-m+fp/hard\libc_nano.a(libc_a-readr.o)
                0x0800d844                _read_r
 .text._write_r
                0x0800d868       0x24 C:/ST/STM32CubeIDE_2.1.1/STM32CubeIDE/plugins/com.st.stm32cube.ide.mcu.externaltools.gnu-tools-for-stm32.14.3.rel1.win32_1.0.100.202602081740/tools/bin/../lib/gcc/arm-none-eabi/14.3.1/../../../../arm-none-eabi/lib/thumb/v7e-m+fp/hard\libc_nano.a(libc_a-writer.o)
                0x0800d868                _write_r
 .text.__errno  0x0800d88c        0xc C:/ST/STM32CubeIDE_2.1.1/STM32CubeIDE/plugins/com.st.stm32cube.ide.mcu.externaltools.gnu-tools-for-stm32.14.3.rel1.win32_1.0.100.202602081740/tools/bin/../lib/gcc/arm-none-eabi/14.3.1/../../../../arm-none-eabi/lib/thumb/v7e-m+fp/hard\libc_nano.a(libc_a-errno.o)
                0x0800d88c                __errno
 .text.__libc_init_array
                0x0800d898       0x48 C:/ST/STM32CubeIDE_2.1.1/STM32CubeIDE/plugins/com.st.stm32cube.ide.mcu.externaltools.gnu-tools-for-stm32.14.3.rel1.win32_1.0.100.202602081740/tools/bin/../lib/gcc/arm-none-eabi/14.3.1/../../../../arm-none-eabi/lib/thumb/v7e-m+fp/hard\libc_nano.a(libc_a-init.o)
                0x0800d898                __libc_init_array
 .text.__retarget_lock_init_recursive
                0x0800d8e0        0x2 C:/ST/STM32CubeIDE_2.1.1/STM32CubeIDE/plugins/com.st.stm32cube.ide.mcu.externaltools.gnu-tools-for-stm32.14.3.rel1.win32_1.0.100.202602081740/tools/bin/../lib/gcc/arm-none-eabi/14.3.1/../../../../arm-none-eabi/lib/thumb/v7e-m+fp/hard\libc_nano.a(libc_a-lock.o)
                0x0800d8e0                __retarget_lock_init_recursive
 .text.__retarget_lock_acquire_recursive
                0x0800d8e2        0x2 C:/ST/STM32CubeIDE_2.1.1/STM32CubeIDE/plugins/com.st.stm32cube.ide.mcu.externaltools.gnu-tools-for-stm32.14.3.rel1.win32_1.0.100.202602081740/tools/bin/../lib/gcc/arm-none-eabi/14.3.1/../../../../arm-none-eabi/lib/thumb/v7e-m+fp/hard\libc_nano.a(libc_a-lock.o)
                0x0800d8e2                __retarget_lock_acquire_recursive
 .text.__retarget_lock_release_recursive
                0x0800d8e4        0x2 C:/ST/STM32CubeIDE_2.1.1/STM32CubeIDE/plugins/com.st.stm32cube.ide.mcu.externaltools.gnu-tools-for-stm32.14.3.rel1.win32_1.0.100.202602081740/tools/bin/../lib/gcc/arm-none-eabi/14.3.1/../../../../arm-none-eabi/lib/thumb/v7e-m+fp/hard\libc_nano.a(libc_a-lock.o)
                0x0800d8e4                __retarget_lock_release_recursive
 .text.memcpy   0x0800d8e6       0x1c C:/ST/STM32CubeIDE_2.1.1/STM32CubeIDE/plugins/com.st.stm32cube.ide.mcu.externaltools.gnu-tools-for-stm32.14.3.rel1.win32_1.0.100.202602081740/tools/bin/../lib/gcc/arm-none-eabi/14.3.1/../../../../arm-none-eabi/lib/thumb/v7e-m+fp/hard\libc_nano.a(libc_a-memcpy-stub.o)
                0x0800d8e6                memcpy
 .text.quorem   0x0800d902      0x110 C:/ST/STM32CubeIDE_2.1.1/STM32CubeIDE/plugins/com.st.stm32cube.ide.mcu.externaltools.gnu-tools-for-stm32.14.3.rel1.win32_1.0.100.202602081740/tools/bin/../lib/gcc/arm-none-eabi/14.3.1/../../../../arm-none-eabi/lib/thumb/v7e-m+fp/hard\libc_nano.a(libc_a-dtoa.o)
 *fill*         0x0800da12        0x6 
 .text._dtoa_r  0x0800da18      0xbb8 C:/ST/STM32CubeIDE_2.1.1/STM32CubeIDE/plugins/com.st.stm32cube.ide.mcu.externaltools.gnu-tools-for-stm32.14.3.rel1.win32_1.0.100.202602081740/tools/bin/../lib/gcc/arm-none-eabi/14.3.1/../../../../arm-none-eabi/lib/thumb/v7e-m+fp/hard\libc_nano.a(libc_a-dtoa.o)
                0x0800da18                _dtoa_r
 .text._free_r  0x0800e5d0       0x94 C:/ST/STM32CubeIDE_2.1.1/STM32CubeIDE/plugins/com.st.stm32cube.ide.mcu.externaltools.gnu-tools-for-stm32.14.3.rel1.win32_1.0.100.202602081740/tools/bin/../lib/gcc/arm-none-eabi/14.3.1/../../../../arm-none-eabi/lib/thumb/v7e-m+fp/hard\libc_nano.a(libc_a-freer.o)
                0x0800e5d0                _free_r
 .text.malloc   0x0800e664       0x10 C:/ST/STM32CubeIDE_2.1.1/STM32CubeIDE/plugins/com.st.stm32cube.ide.mcu.externaltools.gnu-tools-for-stm32.14.3.rel1.win32_1.0.100.202602081740/tools/bin/../lib/gcc/arm-none-eabi/14.3.1/../../../../arm-none-eabi/lib/thumb/v7e-m+fp/hard\libc_nano.a(libc_a-malloc.o)
                0x0800e664                malloc
 .text.sbrk_aligned
                0x0800e674       0x44 C:/ST/STM32CubeIDE_2.1.1/STM32CubeIDE/plugins/com.st.stm32cube.ide.mcu.externaltools.gnu-tools-for-stm32.14.3.rel1.win32_1.0.100.202602081740/tools/bin/../lib/gcc/arm-none-eabi/14.3.1/../../../../arm-none-eabi/lib/thumb/v7e-m+fp/hard\libc_nano.a(libc_a-mallocr.o)
 .text._malloc_r
                0x0800e6b8      0x100 C:/ST/STM32CubeIDE_2.1.1/STM32CubeIDE/plugins/com.st.stm32cube.ide.mcu.externaltools.gnu-tools-for-stm32.14.3.rel1.win32_1.0.100.202602081740/tools/bin/../lib/gcc/arm-none-eabi/14.3.1/../../../../arm-none-eabi/lib/thumb/v7e-m+fp/hard\libc_nano.a(libc_a-mallocr.o)
                0x0800e6b8                _malloc_r
 .text.__malloc_lock
                0x0800e7b8        0xc C:/ST/STM32CubeIDE_2.1.1/STM32CubeIDE/plugins/com.st.stm32cube.ide.mcu.externaltools.gnu-tools-for-stm32.14.3.rel1.win32_1.0.100.202602081740/tools/bin/../lib/gcc/arm-none-eabi/14.3.1/../../../../arm-none-eabi/lib/thumb/v7e-m+fp/hard\libc_nano.a(libc_a-mlock.o)
                0x0800e7b8                __malloc_lock
 .text.__malloc_unlock
                0x0800e7c4        0xc C:/ST/STM32CubeIDE_2.1.1/STM32CubeIDE/plugins/com.st.stm32cube.ide.mcu.externaltools.gnu-tools-for-stm32.14.3.rel1.win32_1.0.100.202602081740/tools/bin/../lib/gcc/arm-none-eabi/14.3.1/../../../../arm-none-eabi/lib/thumb/v7e-m+fp/hard\libc_nano.a(libc_a-mlock.o)
                0x0800e7c4                __malloc_unlock
 .text._Balloc  0x0800e7d0       0x7c C:/ST/STM32CubeIDE_2.1.1/STM32CubeIDE/plugins/com.st.stm32cube.ide.mcu.externaltools.gnu-tools-for-stm32.14.3.rel1.win32_1.0.100.202602081740/tools/bin/../lib/gcc/arm-none-eabi/14.3.1/../../../../arm-none-eabi/lib/thumb/v7e-m+fp/hard\libc_nano.a(libc_a-mprec.o)
                0x0800e7d0                _Balloc
 .text._Bfree   0x0800e84c       0x44 C:/ST/STM32CubeIDE_2.1.1/STM32CubeIDE/plugins/com.st.stm32cube.ide.mcu.externaltools.gnu-tools-for-stm32.14.3.rel1.win32_1.0.100.202602081740/tools/bin/../lib/gcc/arm-none-eabi/14.3.1/../../../../arm-none-eabi/lib/thumb/v7e-m+fp/hard\libc_nano.a(libc_a-mprec.o)
                0x0800e84c                _Bfree
 .text.__multadd
                0x0800e890       0x8c C:/ST/STM32CubeIDE_2.1.1/STM32CubeIDE/plugins/com.st.stm32cube.ide.mcu.externaltools.gnu-tools-for-stm32.14.3.rel1.win32_1.0.100.202602081740/tools/bin/../lib/gcc/arm-none-eabi/14.3.1/../../../../arm-none-eabi/lib/thumb/v7e-m+fp/hard\libc_nano.a(libc_a-mprec.o)
                0x0800e890                __multadd
 .text.__hi0bits
                0x0800e91c       0x3e C:/ST/STM32CubeIDE_2.1.1/STM32CubeIDE/plugins/com.st.stm32cube.ide.mcu.externaltools.gnu-tools-for-stm32.14.3.rel1.win32_1.0.100.202602081740/tools/bin/../lib/gcc/arm-none-eabi/14.3.1/../../../../arm-none-eabi/lib/thumb/v7e-m+fp/hard\libc_nano.a(libc_a-mprec.o)
                0x0800e91c                __hi0bits
 .text.__lo0bits
                0x0800e95a       0x5a C:/ST/STM32CubeIDE_2.1.1/STM32CubeIDE/plugins/com.st.stm32cube.ide.mcu.externaltools.gnu-tools-for-stm32.14.3.rel1.win32_1.0.100.202602081740/tools/bin/../lib/gcc/arm-none-eabi/14.3.1/../../../../arm-none-eabi/lib/thumb/v7e-m+fp/hard\libc_nano.a(libc_a-mprec.o)
                0x0800e95a                __lo0bits
 .text.__i2b    0x0800e9b4       0x2c C:/ST/STM32CubeIDE_2.1.1/STM32CubeIDE/plugins/com.st.stm32cube.ide.mcu.externaltools.gnu-tools-for-stm32.14.3.rel1.win32_1.0.100.202602081740/tools/bin/../lib/gcc/arm-none-eabi/14.3.1/../../../../arm-none-eabi/lib/thumb/v7e-m+fp/hard\libc_nano.a(libc_a-mprec.o)
                0x0800e9b4                __i2b
 .text.__multiply
                0x0800e9e0      0x154 C:/ST/STM32CubeIDE_2.1.1/STM32CubeIDE/plugins/com.st.stm32cube.ide.mcu.externaltools.gnu-tools-for-stm32.14.3.rel1.win32_1.0.100.202602081740/tools/bin/../lib/gcc/arm-none-eabi/14.3.1/../../../../arm-none-eabi/lib/thumb/v7e-m+fp/hard\libc_nano.a(libc_a-mprec.o)
                0x0800e9e0                __multiply
 .text.__pow5mult
                0x0800eb34       0xb8 C:/ST/STM32CubeIDE_2.1.1/STM32CubeIDE/plugins/com.st.stm32cube.ide.mcu.externaltools.gnu-tools-for-stm32.14.3.rel1.win32_1.0.100.202602081740/tools/bin/../lib/gcc/arm-none-eabi/14.3.1/../../../../arm-none-eabi/lib/thumb/v7e-m+fp/hard\libc_nano.a(libc_a-mprec.o)
                0x0800eb34                __pow5mult
 .text.__lshift
                0x0800ebec       0xdc C:/ST/STM32CubeIDE_2.1.1/STM32CubeIDE/plugins/com.st.stm32cube.ide.mcu.externaltools.gnu-tools-for-stm32.14.3.rel1.win32_1.0.100.202602081740/tools/bin/../lib/gcc/arm-none-eabi/14.3.1/../../../../arm-none-eabi/lib/thumb/v7e-m+fp/hard\libc_nano.a(libc_a-mprec.o)
                0x0800ebec                __lshift
 .text.__mcmp   0x0800ecc8       0x36 C:/ST/STM32CubeIDE_2.1.1/STM32CubeIDE/plugins/com.st.stm32cube.ide.mcu.externaltools.gnu-tools-for-stm32.14.3.rel1.win32_1.0.100.202602081740/tools/bin/../lib/gcc/arm-none-eabi/14.3.1/../../../../arm-none-eabi/lib/thumb/v7e-m+fp/hard\libc_nano.a(libc_a-mprec.o)
                0x0800ecc8                __mcmp
 *fill*         0x0800ecfe        0x2 
 .text.__mdiff  0x0800ed00      0x130 C:/ST/STM32CubeIDE_2.1.1/STM32CubeIDE/plugins/com.st.stm32cube.ide.mcu.externaltools.gnu-tools-for-stm32.14.3.rel1.win32_1.0.100.202602081740/tools/bin/../lib/gcc/arm-none-eabi/14.3.1/../../../../arm-none-eabi/lib/thumb/v7e-m+fp/hard\libc_nano.a(libc_a-mprec.o)
                0x0800ed00                __mdiff
 .text.__d2b    0x0800ee30       0xb0 C:/ST/STM32CubeIDE_2.1.1/STM32CubeIDE/plugins/com.st.stm32cube.ide.mcu.externaltools.gnu-tools-for-stm32.14.3.rel1.win32_1.0.100.202602081740/tools/bin/../lib/gcc/arm-none-eabi/14.3.1/../../../../arm-none-eabi/lib/thumb/v7e-m+fp/hard\libc_nano.a(libc_a-mprec.o)
                0x0800ee30                __d2b
 .text.__ssputs_r
                0x0800eee0       0xc0 C:/ST/STM32CubeIDE_2.1.1/STM32CubeIDE/plugins/com.st.stm32cube.ide.mcu.externaltools.gnu-tools-for-stm32.14.3.rel1.win32_1.0.100.202602081740/tools/bin/../lib/gcc/arm-none-eabi/14.3.1/../../../../arm-none-eabi/lib/thumb/v7e-m+fp/hard\libc_nano.a(libc_a-nano-svfprintf.o)
                0x0800eee0                __ssputs_r
 .text._svfprintf_r
                0x0800efa0      0x1f0 C:/ST/STM32CubeIDE_2.1.1/STM32CubeIDE/plugins/com.st.stm32cube.ide.mcu.externaltools.gnu-tools-for-stm32.14.3.rel1.win32_1.0.100.202602081740/tools/bin/../lib/gcc/arm-none-eabi/14.3.1/../../../../arm-none-eabi/lib/thumb/v7e-m+fp/hard\libc_nano.a(libc_a-nano-svfprintf.o)
                0x0800efa0                _svfiprintf_r
                0x0800efa0                _svfprintf_r
 .text.__sflush_r
                0x0800f190      0x104 C:/ST/STM32CubeIDE_2.1.1/STM32CubeIDE/plugins/com.st.stm32cube.ide.mcu.externaltools.gnu-tools-for-stm32.14.3.rel1.win32_1.0.100.202602081740/tools/bin/../lib/gcc/arm-none-eabi/14.3.1/../../../../arm-none-eabi/lib/thumb/v7e-m+fp/hard\libc_nano.a(libc_a-fflush.o)
                0x0800f190                __sflush_r
 .text._fflush_r
                0x0800f294       0x50 C:/ST/STM32CubeIDE_2.1.1/STM32CubeIDE/plugins/com.st.stm32cube.ide.mcu.externaltools.gnu-tools-for-stm32.14.3.rel1.win32_1.0.100.202602081740/tools/bin/../lib/gcc/arm-none-eabi/14.3.1/../../../../arm-none-eabi/lib/thumb/v7e-m+fp/hard\libc_nano.a(libc_a-fflush.o)
                0x0800f294                _fflush_r
 .text.memmove  0x0800f2e4       0x32 C:/ST/STM32CubeIDE_2.1.1/STM32CubeIDE/plugins/com.st.stm32cube.ide.mcu.externaltools.gnu-tools-for-stm32.14.3.rel1.win32_1.0.100.202602081740/tools/bin/../lib/gcc/arm-none-eabi/14.3.1/../../../../arm-none-eabi/lib/thumb/v7e-m+fp/hard\libc_nano.a(libc_a-memmove.o)
                0x0800f2e4                memmove
 *fill*         0x0800f316        0x2 
 .text._sbrk_r  0x0800f318       0x20 C:/ST/STM32CubeIDE_2.1.1/STM32CubeIDE/plugins/com.st.stm32cube.ide.mcu.externaltools.gnu-tools-for-stm32.14.3.rel1.win32_1.0.100.202602081740/tools/bin/../lib/gcc/arm-none-eabi/14.3.1/../../../../arm-none-eabi/lib/thumb/v7e-m+fp/hard\libc_nano.a(libc_a-sbrkr.o)
                0x0800f318                _sbrk_r
 .text.__assert_func
                0x0800f338       0x3c C:/ST/STM32CubeIDE_2.1.1/STM32CubeIDE/plugins/com.st.stm32cube.ide.mcu.externaltools.gnu-tools-for-stm32.14.3.rel1.win32_1.0.100.202602081740/tools/bin/../lib/gcc/arm-none-eabi/14.3.1/../../../../arm-none-eabi/lib/thumb/v7e-m+fp/hard\libc_nano.a(libc_a-assert.o)
                0x0800f338                __assert_func
 .text._calloc_r
                0x0800f374       0x28 C:/ST/STM32CubeIDE_2.1.1/STM32CubeIDE/plugins/com.st.stm32cube.ide.mcu.externaltools.gnu-tools-for-stm32.14.3.rel1.win32_1.0.100.202602081740/tools/bin/../lib/gcc/arm-none-eabi/14.3.1/../../../../arm-none-eabi/lib/thumb/v7e-m+fp/hard\libc_nano.a(libc_a-callocr.o)
                0x0800f374                _calloc_r
 .text.__ascii_mbtowc
                0x0800f39c       0x24 C:/ST/STM32CubeIDE_2.1.1/STM32CubeIDE/plugins/com.st.stm32cube.ide.mcu.externaltools.gnu-tools-for-stm32.14.3.rel1.win32_1.0.100.202602081740/tools/bin/../lib/gcc/arm-none-eabi/14.3.1/../../../../arm-none-eabi/lib/thumb/v7e-m+fp/hard\libc_nano.a(libc_a-mbtowc_r.o)
                0x0800f39c                __ascii_mbtowc
 .text._realloc_r
                0x0800f3c0       0x5c C:/ST/STM32CubeIDE_2.1.1/STM32CubeIDE/plugins/com.st.stm32cube.ide.mcu.externaltools.gnu-tools-for-stm32.14.3.rel1.win32_1.0.100.202602081740/tools/bin/../lib/gcc/arm-none-eabi/14.3.1/../../../../arm-none-eabi/lib/thumb/v7e-m+fp/hard\libc_nano.a(libc_a-reallocr.o)
                0x0800f3c0                _realloc_r
 .text.__ascii_wctomb
                0x0800f41c       0x1a C:/ST/STM32CubeIDE_2.1.1/STM32CubeIDE/plugins/com.st.stm32cube.ide.mcu.externaltools.gnu-tools-for-stm32.14.3.rel1.win32_1.0.100.202602081740/tools/bin/../lib/gcc/arm-none-eabi/14.3.1/../../../../arm-none-eabi/lib/thumb/v7e-m+fp/hard\libc_nano.a(libc_a-wctomb_r.o)
                0x0800f41c                __ascii_wctomb
 *fill*         0x0800f436        0x2 
 .text.fprintf  0x0800f438       0x24 C:/ST/STM32CubeIDE_2.1.1/STM32CubeIDE/plugins/com.st.stm32cube.ide.mcu.externaltools.gnu-tools-for-stm32.14.3.rel1.win32_1.0.100.202602081740/tools/bin/../lib/gcc/arm-none-eabi/14.3.1/../../../../arm-none-eabi/lib/thumb/v7e-m+fp/hard\libc_nano.a(libc_a-fprintf.o)
                0x0800f438                fiprintf
                0x0800f438                fprintf
 .text.abort    0x0800f45c        0xe C:/ST/STM32CubeIDE_2.1.1/STM32CubeIDE/plugins/com.st.stm32cube.ide.mcu.externaltools.gnu-tools-for-stm32.14.3.rel1.win32_1.0.100.202602081740/tools/bin/../lib/gcc/arm-none-eabi/14.3.1/../../../../arm-none-eabi/lib/thumb/v7e-m+fp/hard\libc_nano.a(libc_a-abort.o)
                0x0800f45c                abort
 .text._malloc_usable_size_r
                0x0800f46a       0x10 C:/ST/STM32CubeIDE_2.1.1/STM32CubeIDE/plugins/com.st.stm32cube.ide.mcu.externaltools.gnu-tools-for-stm32.14.3.rel1.win32_1.0.100.202602081740/tools/bin/../lib/gcc/arm-none-eabi/14.3.1/../../../../arm-none-eabi/lib/thumb/v7e-m+fp/hard\libc_nano.a(libc_a-msizer.o)
                0x0800f46a                _malloc_usable_size_r
 .text.__sfputc_r
                0x0800f47a       0x2e C:/ST/STM32CubeIDE_2.1.1/STM32CubeIDE/plugins/com.st.stm32cube.ide.mcu.externaltools.gnu-tools-for-stm32.14.3.rel1.win32_1.0.100.202602081740/tools/bin/../lib/gcc/arm-none-eabi/14.3.1/../../../../arm-none-eabi/lib/thumb/v7e-m+fp/hard\libc_nano.a(libc_a-nano-vfprintf.o)
 .text.__sfputs_r
                0x0800f4a8       0x24 C:/ST/STM32CubeIDE_2.1.1/STM32CubeIDE/plugins/com.st.stm32cube.ide.mcu.externaltools.gnu-tools-for-stm32.14.3.rel1.win32_1.0.100.202602081740/tools/bin/../lib/gcc/arm-none-eabi/14.3.1/../../../../arm-none-eabi/lib/thumb/v7e-m+fp/hard\libc_nano.a(libc_a-nano-vfprintf.o)
                0x0800f4a8                __sfputs_r
 .text._vfprintf_r
                0x0800f4cc      0x228 C:/ST/STM32CubeIDE_2.1.1/STM32CubeIDE/plugins/com.st.stm32cube.ide.mcu.externaltools.gnu-tools-for-stm32.14.3.rel1.win32_1.0.100.202602081740/tools/bin/../lib/gcc/arm-none-eabi/14.3.1/../../../../arm-none-eabi/lib/thumb/v7e-m+fp/hard\libc_nano.a(libc_a-nano-vfprintf.o)
                0x0800f4cc                _vfprintf_r
                0x0800f4cc                _vfiprintf_r
 .text.__swbuf_r
                0x0800f6f4       0x7c C:/ST/STM32CubeIDE_2.1.1/STM32CubeIDE/plugins/com.st.stm32cube.ide.mcu.externaltools.gnu-tools-for-stm32.14.3.rel1.win32_1.0.100.202602081740/tools/bin/../lib/gcc/arm-none-eabi/14.3.1/../../../../arm-none-eabi/lib/thumb/v7e-m+fp/hard\libc_nano.a(libc_a-wbuf.o)
                0x0800f6f4                __swbuf_r
 .text.__swsetup_r
                0x0800f770       0xa8 C:/ST/STM32CubeIDE_2.1.1/STM32CubeIDE/plugins/com.st.stm32cube.ide.mcu.externaltools.gnu-tools-for-stm32.14.3.rel1.win32_1.0.100.202602081740/tools/bin/../lib/gcc/arm-none-eabi/14.3.1/../../../../arm-none-eabi/lib/thumb/v7e-m+fp/hard\libc_nano.a(libc_a-wsetup.o)
                0x0800f770                __swsetup_r
 .text._raise_r
                0x0800f818       0x50 C:/ST/STM32CubeIDE_2.1.1/STM32CubeIDE/plugins/com.st.stm32cube.ide.mcu.externaltools.gnu-tools-for-stm32.14.3.rel1.win32_1.0.100.202602081740/tools/bin/../lib/gcc/arm-none-eabi/14.3.1/../../../../arm-none-eabi/lib/thumb/v7e-m+fp/hard\libc_nano.a(libc_a-signal.o)
                0x0800f818                _raise_r
 .text.raise    0x0800f868       0x10 C:/ST/STM32CubeIDE_2.1.1/STM32CubeIDE/plugins/com.st.stm32cube.ide.mcu.externaltools.gnu-tools-for-stm32.14.3.rel1.win32_1.0.100.202602081740/tools/bin/../lib/gcc/arm-none-eabi/14.3.1/../../../../arm-none-eabi/lib/thumb/v7e-m+fp/hard\libc_nano.a(libc_a-signal.o)
                0x0800f868                raise
 .text._kill_r  0x0800f878       0x24 C:/ST/STM32CubeIDE_2.1.1/STM32CubeIDE/plugins/com.st.stm32cube.ide.mcu.externaltools.gnu-tools-for-stm32.14.3.rel1.win32_1.0.100.202602081740/tools/bin/../lib/gcc/arm-none-eabi/14.3.1/../../../../arm-none-eabi/lib/thumb/v7e-m+fp/hard\libc_nano.a(libc_a-signalr.o)
                0x0800f878                _kill_r
 .text._getpid_r
                0x0800f89c        0x4 C:/ST/STM32CubeIDE_2.1.1/STM32CubeIDE/plugins/com.st.stm32cube.ide.mcu.externaltools.gnu-tools-for-stm32.14.3.rel1.win32_1.0.100.202602081740/tools/bin/../lib/gcc/arm-none-eabi/14.3.1/../../../../arm-none-eabi/lib/thumb/v7e-m+fp/hard\libc_nano.a(libc_a-signalr.o)
                0x0800f89c                _getpid_r
 .text.__swhatbuf_r
                0x0800f8a0       0x48 C:/ST/STM32CubeIDE_2.1.1/STM32CubeIDE/plugins/com.st.stm32cube.ide.mcu.externaltools.gnu-tools-for-stm32.14.3.rel1.win32_1.0.100.202602081740/tools/bin/../lib/gcc/arm-none-eabi/14.3.1/../../../../arm-none-eabi/lib/thumb/v7e-m+fp/hard\libc_nano.a(libc_a-makebuf.o)
                0x0800f8a0                __swhatbuf_r
 .text.__smakebuf_r
                0x0800f8e8       0x72 C:/ST/STM32CubeIDE_2.1.1/STM32CubeIDE/plugins/com.st.stm32cube.ide.mcu.externaltools.gnu-tools-for-stm32.14.3.rel1.win32_1.0.100.202602081740/tools/bin/../lib/gcc/arm-none-eabi/14.3.1/../../../../arm-none-eabi/lib/thumb/v7e-m+fp/hard\libc_nano.a(libc_a-makebuf.o)
                0x0800f8e8                __smakebuf_r
 *fill*         0x0800f95a        0x2 
 .text._fstat_r
                0x0800f95c       0x24 C:/ST/STM32CubeIDE_2.1.1/STM32CubeIDE/plugins/com.st.stm32cube.ide.mcu.externaltools.gnu-tools-for-stm32.14.3.rel1.win32_1.0.100.202602081740/tools/bin/../lib/gcc/arm-none-eabi/14.3.1/../../../../arm-none-eabi/lib/thumb/v7e-m+fp/hard\libc_nano.a(libc_a-fstatr.o)
                0x0800f95c                _fstat_r
 .text._isatty_r
                0x0800f980       0x20 C:/ST/STM32CubeIDE_2.1.1/STM32CubeIDE/plugins/com.st.stm32cube.ide.mcu.externaltools.gnu-tools-for-stm32.14.3.rel1.win32_1.0.100.202602081740/tools/bin/../lib/gcc/arm-none-eabi/14.3.1/../../../../arm-none-eabi/lib/thumb/v7e-m+fp/hard\libc_nano.a(libc_a-isattyr.o)
                0x0800f980                _isatty_r
 *(.glue_7)
 .glue_7        0x0800f9a0        0x0 linker stubs
 *(.glue_7t)
 .glue_7t       0x0800f9a0        0x0 linker stubs
 *(.eh_frame)
 .eh_frame      0x0800f9a0        0x0 C:/ST/STM32CubeIDE_2.1.1/STM32CubeIDE/plugins/com.st.stm32cube.ide.mcu.externaltools.gnu-tools-for-stm32.14.3.rel1.win32_1.0.100.202602081740/tools/bin/../lib/gcc/arm-none-eabi/14.3.1/thumb/v7e-m+fp/hard/crtbegin.o
 *(.init)
 .init          0x0800f9a0        0x4 C:/ST/STM32CubeIDE_2.1.1/STM32CubeIDE/plugins/com.st.stm32cube.ide.mcu.externaltools.gnu-tools-for-stm32.14.3.rel1.win32_1.0.100.202602081740/tools/bin/../lib/gcc/arm-none-eabi/14.3.1/thumb/v7e-m+fp/hard/crti.o
                0x0800f9a0                _init
 .init          0x0800f9a4        0x8 C:/ST/STM32CubeIDE_2.1.1/STM32CubeIDE/plugins/com.st.stm32cube.ide.mcu.externaltools.gnu-tools-for-stm32.14.3.rel1.win32_1.0.100.202602081740/tools/bin/../lib/gcc/arm-none-eabi/14.3.1/thumb/v7e-m+fp/hard/crtn.o
 *(.fini)
 .fini          0x0800f9ac        0x4 C:/ST/STM32CubeIDE_2.1.1/STM32CubeIDE/plugins/com.st.stm32cube.ide.mcu.externaltools.gnu-tools-for-stm32.14.3.rel1.win32_1.0.100.202602081740/tools/bin/../lib/gcc/arm-none-eabi/14.3.1/thumb/v7e-m+fp/hard/crti.o
                0x0800f9ac                _fini
 .fini          0x0800f9b0        0x8 C:/ST/STM32CubeIDE_2.1.1/STM32CubeIDE/plugins/com.st.stm32cube.ide.mcu.externaltools.gnu-tools-for-stm32.14.3.rel1.win32_1.0.100.202602081740/tools/bin/../lib/gcc/arm-none-eabi/14.3.1/thumb/v7e-m+fp/hard/crtn.o
                0x0800f9b8                        . = ALIGN (0x4)
                0x0800f9b8                        _etext = .

.vfp11_veneer   0x0800f9b8        0x0
 .vfp11_veneer  0x0800f9b8        0x0 linker stubs

.v4_bx          0x0800f9b8        0x0
 .v4_bx         0x0800f9b8        0x0 linker stubs

.iplt           0x0800f9b8        0x0
 .iplt          0x0800f9b8        0x0 C:/ST/STM32CubeIDE_2.1.1/STM32CubeIDE/plugins/com.st.stm32cube.ide.mcu.externaltools.gnu-tools-for-stm32.14.3.rel1.win32_1.0.100.202602081740/tools/bin/../lib/gcc/arm-none-eabi/14.3.1/thumb/v7e-m+fp/hard/crtbegin.o

.rodata         0x0800f9b8    0x123ec
                0x0800f9b8                        . = ALIGN (0x4)
 *(.rodata)
 .rodata        0x0800f9b8       0x2b ./Core/Src/main.o
 *fill*         0x0800f9e3        0x1 
 .rodata        0x0800f9e4       0x7e ./Core/Src/stranky/atmosfera.o
 *fill*         0x0800fa62        0x2 
 .rodata        0x0800fa64       0x9c ./Core/Src/stranky/hlavni_menu.o
 .rodata        0x0800fb00       0x36 ./Drivers/lcd/ili9486.o
 *(.rodata*)
 *fill*         0x0800fb36        0x2 
 .rodata.AHBPrescTable
                0x0800fb38       0x10 ./Core/Src/system_stm32f7xx.o
                0x0800fb38                AHBPrescTable
 .rodata.Terminus12Bold_Table
                0x0800fb48      0xa80 ./Core/Src/fonts/terminus-12-bold.o
                0x0800fb48                Terminus12Bold_Table
 .rodata.Terminus12Normal_Table
                0x080105c8      0xa80 ./Core/Src/fonts/terminus-12-normal.o
 .rodata.Terminus14Bold_Table
                0x08011048      0xc40 ./Core/Src/fonts/terminus-14-bold.o
                0x08011048                Terminus14Bold_Table
 .rodata.Terminus18Bold_Table
                0x08011c88     0x1f80 ./Core/Src/fonts/terminus-18-bold.o
                0x08011c88                Terminus18Bold_Table
 .rodata.Terminus20Bold_Table
                0x08013c08     0x2300 ./Core/Src/fonts/terminus-20-bold.o
                0x08013c08                Terminus20Bold_Table
 .rodata.Terminus20Normal_Table
                0x08015f08     0x2300 ./Core/Src/fonts/terminus-20-normal.o
                0x08015f08                Terminus20Normal_Table
 .rodata.Terminus24Bold_Table
                0x08018208     0x2a00 ./Core/Src/fonts/terminus-24-bold.o
                0x08018208                Terminus24Bold_Table
 .rodata.Terminus32Bold_Table
                0x0801ac08     0x3800 ./Core/Src/fonts/terminus-32-bold.o
                0x0801ac08                Terminus32Bold_Table
 .rodata.domecek_40x38_16
                0x0801e408      0xc16 ./Core/Src/obrazky/domecek.o
                0x0801e408                domecek_40x38_16
 *fill*         0x0801f01e        0x2 
 .rodata.magnet_52x26_16
                0x0801f020      0xac6 ./Core/Src/obrazky/magnet.o
                0x0801f020                magnet_52x26_16
 *fill*         0x0801fae6        0x2 
 .rodata.oblak_44x34_16
                0x0801fae8      0xbe6 ./Core/Src/obrazky/oblak.o
                0x0801fae8                oblak_44x34_16
 *fill*         0x080206ce        0x2 
 .rodata.sd_karta_22x32_16
                0x080206d0      0x5b6 ./Core/Src/obrazky/sd_karta.o
                0x080206d0                sd_karta_22x32_16
 *fill*         0x08020c86        0x2 
 .rodata.vitr_41x42_16
                0x08020c88      0xdaa ./Core/Src/obrazky/vitr.o
                0x08020c88                vitr_41x42_16
 .rodata._printf_float.str1.1
                0x08021a32      0x171 C:/ST/STM32CubeIDE_2.1.1/STM32CubeIDE/plugins/com.st.stm32cube.ide.mcu.externaltools.gnu-tools-for-stm32.14.3.rel1.win32_1.0.100.202602081740/tools/bin/../lib/gcc/arm-none-eabi/14.3.1/../../../../arm-none-eabi/lib/thumb/v7e-m+fp/hard\libc_nano.a(libc_a-nano-vfprintf_float.o)
                                 0x12 (size before relaxing)
 .rodata._printf_i.str1.1
                0x08021ba3       0x22 C:/ST/STM32CubeIDE_2.1.1/STM32CubeIDE/plugins/com.st.stm32cube.ide.mcu.externaltools.gnu-tools-for-stm32.14.3.rel1.win32_1.0.100.202602081740/tools/bin/../lib/gcc/arm-none-eabi/14.3.1/../../../../arm-none-eabi/lib/thumb/v7e-m+fp/hard\libc_nano.a(libc_a-nano-vfprintf_i.o)
 .rodata._dtoa_r.str1.1
                0x08021ba3       0x8f C:/ST/STM32CubeIDE_2.1.1/STM32CubeIDE/plugins/com.st.stm32cube.ide.mcu.externaltools.gnu-tools-for-stm32.14.3.rel1.win32_1.0.100.202602081740/tools/bin/../lib/gcc/arm-none-eabi/14.3.1/../../../../arm-none-eabi/lib/thumb/v7e-m+fp/hard\libc_nano.a(libc_a-dtoa.o)
 .rodata._Balloc.str1.1
                0x08021ba3       0x70 C:/ST/STM32CubeIDE_2.1.1/STM32CubeIDE/plugins/com.st.stm32cube.ide.mcu.externaltools.gnu-tools-for-stm32.14.3.rel1.win32_1.0.100.202602081740/tools/bin/../lib/gcc/arm-none-eabi/14.3.1/../../../../arm-none-eabi/lib/thumb/v7e-m+fp/hard\libc_nano.a(libc_a-mprec.o)
 .rodata.__multadd.str1.1
                0x08021ba3       0x11 C:/ST/STM32CubeIDE_2.1.1/STM32CubeIDE/plugins/com.st.stm32cube.ide.mcu.externaltools.gnu-tools-for-stm32.14.3.rel1.win32_1.0.100.202602081740/tools/bin/../lib/gcc/arm-none-eabi/14.3.1/../../../../arm-none-eabi/lib/thumb/v7e-m+fp/hard\libc_nano.a(libc_a-mprec.o)
 *fill*         0x08021ba3        0x1 
 .rodata.p05.0  0x08021ba4        0xc C:/ST/STM32CubeIDE_2.1.1/STM32CubeIDE/plugins/com.st.stm32cube.ide.mcu.externaltools.gnu-tools-for-stm32.14.3.rel1.win32_1.0.100.202602081740/tools/bin/../lib/gcc/arm-none-eabi/14.3.1/../../../../arm-none-eabi/lib/thumb/v7e-m+fp/hard\libc_nano.a(libc_a-mprec.o)
 .rodata.__mprec_bigtens
                0x08021bb0       0x28 C:/ST/STM32CubeIDE_2.1.1/STM32CubeIDE/plugins/com.st.stm32cube.ide.mcu.externaltools.gnu-tools-for-stm32.14.3.rel1.win32_1.0.100.202602081740/tools/bin/../lib/gcc/arm-none-eabi/14.3.1/../../../../arm-none-eabi/lib/thumb/v7e-m+fp/hard\libc_nano.a(libc_a-mprec.o)
                0x08021bb0                __mprec_bigtens
 .rodata.__mprec_tens
                0x08021bd8       0xc8 C:/ST/STM32CubeIDE_2.1.1/STM32CubeIDE/plugins/com.st.stm32cube.ide.mcu.externaltools.gnu-tools-for-stm32.14.3.rel1.win32_1.0.100.202602081740/tools/bin/../lib/gcc/arm-none-eabi/14.3.1/../../../../arm-none-eabi/lib/thumb/v7e-m+fp/hard\libc_nano.a(libc_a-mprec.o)
                0x08021bd8                __mprec_tens
 .rodata._svfprintf_r.str1.1
                0x08021ca0       0x11 C:/ST/STM32CubeIDE_2.1.1/STM32CubeIDE/plugins/com.st.stm32cube.ide.mcu.externaltools.gnu-tools-for-stm32.14.3.rel1.win32_1.0.100.202602081740/tools/bin/../lib/gcc/arm-none-eabi/14.3.1/../../../../arm-none-eabi/lib/thumb/v7e-m+fp/hard\libc_nano.a(libc_a-nano-svfprintf.o)
 .rodata._setlocale_r.str1.1