../Drivers/lcd/lcd_io_gpio8.c:245:6:LCD_IO_Delay	16	static
../Drivers/lcd/lcd_io_gpio8.c:256:6:LCD_Delay	16	static
../Drivers/lcd/lcd_io_gpio8.c:262:6:LCD_IO_Bl_OnOff	16	static
../Drivers/lcd/lcd_io_gpio8.c:280:6:LCD_IO_Init	8	static
../Drivers/lcd/lcd_io_gpio8.c:361:6:LCD_IO_WriteCmd8	16	static
../Drivers/lcd/lcd_io_gpio8.c:369:6:LCD_IO_WriteCmd16	16	static
../Drivers/lcd/lcd_io_gpio8.c:377:6:LCD_IO_WriteData8	16	static
../Drivers/lcd/lcd_io_gpio8.c:385:6:LCD_IO_WriteData16	16	static
../Drivers/lcd/lcd_io_gpio8.c:393:6:LCD_IO_WriteCmd8DataFill16	16	static
../Drivers/lcd/lcd_io_gpio8.c:405:6:LCD_IO_WriteCmd8MultipleData8	24	static
../Drivers/lcd/lcd_io_gpio8.c:419:6:LCD_IO_WriteCmd8MultipleData16	24	static
../Drivers/lcd/lcd_io_gpio8.c:432:6:LCD_IO_WriteCmd16DataFill16	16	static
../Drivers/lcd/lcd_io_gpio8.c:444:6:LCD_IO_WriteCmd16MultipleData8	24	static
../Drivers/lcd/lcd_io_gpio8.c:457:6:LCD_IO_WriteCmd16MultipleData16	24	static
../Drivers/lcd/lcd_io_gpio8.c:471:6:LCD_IO_ReadCmd8MultipleData8	32	static
../Drivers/lcd/lcd_io_gpio8.c:490:6:LCD_IO_ReadCmd8MultipleData16	32	static
../Drivers/lcd/lcd_io_gpio8.c:510:6:LCD_IO_ReadCmd8MultipleData24to16	32	static
../Drivers/lcd/lcd_io_gpio8.c:535:6:LCD_IO_ReadCmd16MultipleData8	32	static
../Drivers/lcd/lcd_io_gpio8.c:554:6:LCD_IO_ReadCmd16MultipleData16	32	static
../Drivers/lcd/lcd_io_gpio8.c:573:6:LCD_IO_ReadCmd16MultipleData24to16	32	static
