../Drivers/lcd/stm32_adafruit_lcd.c:121:9:BSP_LCD_Init	16	static
../Drivers/lcd/stm32_adafruit_lcd.c:148:10:BSP_LCD_GetXSize	8	static
../Drivers/lcd/stm32_adafruit_lcd.c:158:10:BSP_LCD_GetYSize	8	static
../Drivers/lcd/stm32_adafruit_lcd.c:168:10:BSP_LCD_GetTextColor	4	static
../Drivers/lcd/stm32_adafruit_lcd.c:178:10:BSP_LCD_GetBackColor	4	static
../Drivers/lcd/stm32_adafruit_lcd.c:188:6:BSP_LCD_SetTextColor	16	static
../Drivers/lcd/stm32_adafruit_lcd.c:198:6:BSP_LCD_SetBackColor	16	static
../Drivers/lcd/stm32_adafruit_lcd.c:208:6:BSP_LCD_SetFont	16	static
../Drivers/lcd/stm32_adafruit_lcd.c:218:8:BSP_LCD_GetFont	4	static
../Drivers/lcd/stm32_adafruit_lcd.c:228:6:BSP_LCD_Clear	32	static
../Drivers/lcd/stm32_adafruit_lcd.c:242:6:BSP_LCD_ClearStringLine	32	static
../Drivers/lcd/stm32_adafruit_lcd.c:262:6:BSP_LCD_DisplayChar	16	static
../Drivers/lcd/stm32_adafruit_lcd.c:280:6:BSP_LCD_DisplayStringAt	48	static
../Drivers/lcd/stm32_adafruit_lcd.c:341:6:BSP_LCD_DisplayStringAtLine	16	static
../Drivers/lcd/stm32_adafruit_lcd.c:353:6:BSP_LCD_DrawPixel	16	static
../Drivers/lcd/stm32_adafruit_lcd.c:368:6:BSP_LCD_DrawHLine	32	static
../Drivers/lcd/stm32_adafruit_lcd.c:392:6:BSP_LCD_DrawVLine	32	static
../Drivers/lcd/stm32_adafruit_lcd.c:417:6:BSP_LCD_DrawLine	56	static
../Drivers/lcd/stm32_adafruit_lcd.c:492:6:BSP_LCD_DrawRect	24	static
../Drivers/lcd/stm32_adafruit_lcd.c:510:6:BSP_LCD_DrawCircle	32	static
../Drivers/lcd/stm32_adafruit_lcd.c:550:6:BSP_LCD_DrawPolygon	32	static
../Drivers/lcd/stm32_adafruit_lcd.c:578:6:BSP_LCD_DrawEllipse	56	static
../Drivers/lcd/stm32_adafruit_lcd.c:611:6:BSP_LCD_DrawBitmap	32	static
../Drivers/lcd/stm32_adafruit_lcd.c:639:6:BSP_LCD_FillRect	32	static
../Drivers/lcd/stm32_adafruit_lcd.c:651:6:BSP_LCD_FillCircle	32	static
../Drivers/lcd/stm32_adafruit_lcd.c:698:6:BSP_LCD_FillPolygon	64	static
../Drivers/lcd/stm32_adafruit_lcd.c:766:6:BSP_LCD_FillEllipse	56	static
../Drivers/lcd/stm32_adafruit_lcd.c:797:6:BSP_LCD_DisplayOn	8	static
../Drivers/lcd/stm32_adafruit_lcd.c:807:6:BSP_LCD_DisplayOff	8	static
../Drivers/lcd/stm32_adafruit_lcd.c:823:13:DrawChar	80	dynamic
../Drivers/lcd/stm32_adafruit_lcd.c:901:6:BSP_LCD_FillTriangle	72	static
../Drivers/lcd/stm32_adafruit_lcd.c:990:13:SetDisplayWindow	24	static
../Drivers/lcd/stm32_adafruit_lcd.c:1003:10:BSP_LCD_ReadID	8	static
../Drivers/lcd/stm32_adafruit_lcd.c:1017:10:BSP_LCD_ReadPixel	16	static
../Drivers/lcd/stm32_adafruit_lcd.c:1034:6:BSP_LCD_DrawRGB16Image	32	static
../Drivers/lcd/stm32_adafruit_lcd.c:1048:6:BSP_LCD_ReadRGB16Image	32	static
../Drivers/lcd/stm32_adafruit_lcd.c:1060:6:BSP_LCD_Scroll	16	static
